{
    "-profile test": {
        "content": [
            179,
            null,
            [
                "assembly",
                "assembly/assemblers",
                "assembly/assemblers/megahit",
                "assembly/assemblers/megahit/contigs",
                "assembly/assemblers/megahit/contigs/SRR11140744_megahit.contigs.fa.gz",
                "assembly/assemblers/megahit/contigs/SRR11140748_megahit.contigs.fa.gz",
                "assembly/assemblers/megahit/idxstats",
                "assembly/assemblers/megahit/idxstats/SRR11140744_megahit.idxstats",
                "assembly/assemblers/megahit/idxstats/SRR11140748_megahit.idxstats",
                "assembly/assemblers/megahit/quast",
                "assembly/assemblers/megahit/quast/SRR11140744_megahit.tsv",
                "assembly/assemblers/megahit/quast/SRR11140748_megahit.tsv",
                "assembly/assemblers/spades",
                "assembly/assemblers/spades/idxstats",
                "assembly/assemblers/spades/idxstats/SRR11140744_spades.idxstats",
                "assembly/assemblers/spades/idxstats/SRR11140748_spades.idxstats",
                "assembly/assemblers/spades/quast",
                "assembly/assemblers/spades/quast/SRR11140744_spades.tsv",
                "assembly/assemblers/spades/quast/SRR11140748_spades.tsv",
                "assembly/assemblers/spades/rnaviral",
                "assembly/assemblers/spades/rnaviral/SRR11140744_spades.assembly.gfa.gz",
                "assembly/assemblers/spades/rnaviral/SRR11140744_spades.contigs.fa.gz",
                "assembly/assemblers/spades/rnaviral/SRR11140744_spades.scaffolds.fa.gz",
                "assembly/assemblers/spades/rnaviral/SRR11140748_spades.assembly.gfa.gz",
                "assembly/assemblers/spades/rnaviral/SRR11140748_spades.contigs.fa.gz",
                "assembly/assemblers/spades/rnaviral/SRR11140748_spades.scaffolds.fa.gz",
                "assembly/assemblers/spades/rnaviral/log",
                "assembly/assemblers/spades/rnaviral/log/SRR11140744_spades.spades.log",
                "assembly/assemblers/spades/rnaviral/log/SRR11140748_spades.spades.log",
                "assembly/assemblers/tools_combined",
                "assembly/assemblers/tools_combined/prinseq",
                "assembly/assemblers/tools_combined/prinseq/SRR11140744_bad_out.fasta",
                "assembly/assemblers/tools_combined/prinseq/SRR11140744_good_out.fasta",
                "assembly/assemblers/tools_combined/prinseq/SRR11140748_bad_out.fasta",
                "assembly/assemblers/tools_combined/prinseq/SRR11140748_good_out.fasta",
                "assembly/assemblers/tools_combined/raw",
                "assembly/assemblers/tools_combined/raw/SRR11140744.combined.fa",
                "assembly/assemblers/tools_combined/raw/SRR11140748.combined.fa",
                "assembly/polishing",
                "assembly/polishing/blast",
                "assembly/polishing/blast/SRR11140744.filter.tsv",
                "assembly/polishing/blast/SRR11140748.filter.tsv",
                "assembly/polishing/intermediate",
                "assembly/polishing/intermediate/blast",
                "assembly/polishing/intermediate/blast/filtered-sequences",
                "assembly/polishing/intermediate/blast/filtered-sequences/SRR11140744_withref.fa",
                "assembly/polishing/intermediate/blast/filtered-sequences/SRR11140748_withref.fa",
                "assembly/polishing/intermediate/blast/hits",
                "assembly/polishing/intermediate/blast/hits/SRR11140744.txt",
                "assembly/polishing/intermediate/blast/hits/SRR11140748.txt",
                "assembly/polishing/intermediate/precluster",
                "assembly/polishing/intermediate/precluster/kaiju",
                "assembly/polishing/intermediate/precluster/kaiju/SRR11140744_kaiju.tsv",
                "assembly/polishing/intermediate/precluster/kaiju/SRR11140748_kaiju.tsv",
                "assembly/polishing/intermediate/precluster/kraken2",
                "assembly/polishing/intermediate/precluster/kraken2/SRR11140744_kraken2.kraken2.classifiedreads.txt",
                "assembly/polishing/intermediate/precluster/kraken2/SRR11140744_kraken2.kraken2.report.txt",
                "assembly/polishing/intermediate/precluster/kraken2/SRR11140748_kraken2.kraken2.classifiedreads.txt",
                "assembly/polishing/intermediate/precluster/kraken2/SRR11140748_kraken2.kraken2.report.txt",
                "assembly/polishing/intermediate/precluster/merged_classifications",
                "assembly/polishing/intermediate/precluster/merged_classifications/SRR11140744.resolved.txt",
                "assembly/polishing/intermediate/precluster/merged_classifications/SRR11140748.resolved.txt",
                "assembly/polishing/intermediate/precluster/sequences",
                "assembly/polishing/intermediate/precluster/sequences/SRR11140744",
                "assembly/polishing/intermediate/precluster/sequences/SRR11140744/SRR11140744_taxid2697049.fa",
                "assembly/polishing/intermediate/precluster/sequences/SRR11140748",
                "assembly/polishing/intermediate/precluster/sequences/SRR11140748/SRR11140748_taxid2697049.fa",
                "consensus",
                "consensus/mask",
                "consensus/mask/constraint",
                "consensus/mask/constraint/SRR11140744",
                "consensus/mask/constraint/SRR11140744/SRR11140744_BA2-CONSTRAINT_itvariant-calling.mpileup",
                "consensus/mask/constraint/SRR11140744/SRR11140744_BA2-CONSTRAINT_itvariant-calling.qual.txt",
                "consensus/mask/constraint/SRR11140744/SRR11140744_BA24-CONSTRAINT_itvariant-calling.mpileup",
                "consensus/mask/constraint/SRR11140744/SRR11140744_BA24-CONSTRAINT_itvariant-calling.qual.txt",
                "consensus/mask/constraint/SRR11140744/SRR11140744_MN908947-CONSTRAINT_itvariant-calling.mpileup",
                "consensus/mask/constraint/SRR11140744/SRR11140744_MN908947-CONSTRAINT_itvariant-calling.qual.txt",
                "consensus/mask/constraint/SRR11140748",
                "consensus/mask/constraint/SRR11140748/SRR11140748_BA24-CONSTRAINT_itvariant-calling.mpileup",
                "consensus/mask/constraint/SRR11140748/SRR11140748_BA24-CONSTRAINT_itvariant-calling.qual.txt",
                "consensus/mask/constraint/SRR11140748/SRR11140748_MN908947-CONSTRAINT_itvariant-calling.mpileup",
                "consensus/mask/constraint/SRR11140748/SRR11140748_MN908947-CONSTRAINT_itvariant-calling.qual.txt",
                "consensus/quality_control",
                "consensus/quality_control/prokka",
                "consensus/quality_control/prokka/SRR11140744",
                "consensus/quality_control/prokka/SRR11140744/constraint",
                "consensus/quality_control/prokka/SRR11140744/constraint/SRR11140744_BA2-CONSTRAINT",
                "consensus/quality_control/prokka/SRR11140744/constraint/SRR11140744_BA2-CONSTRAINT/SRR11140744_BA2-CONSTRAINT.err",
                "consensus/quality_control/prokka/SRR11140744/constraint/SRR11140744_BA2-CONSTRAINT/SRR11140744_BA2-CONSTRAINT.faa",
                "consensus/quality_control/prokka/SRR11140744/constraint/SRR11140744_BA2-CONSTRAINT/SRR11140744_BA2-CONSTRAINT.ffn",
                "consensus/quality_control/prokka/SRR11140744/constraint/SRR11140744_BA2-CONSTRAINT/SRR11140744_BA2-CONSTRAINT.fna",
                "consensus/quality_control/prokka/SRR11140744/constraint/SRR11140744_BA2-CONSTRAINT/SRR11140744_BA2-CONSTRAINT.fsa",
                "consensus/quality_control/prokka/SRR11140744/constraint/SRR11140744_BA2-CONSTRAINT/SRR11140744_BA2-CONSTRAINT.gbk",
                "consensus/quality_control/prokka/SRR11140744/constraint/SRR11140744_BA2-CONSTRAINT/SRR11140744_BA2-CONSTRAINT.gff",
                "consensus/quality_control/prokka/SRR11140744/constraint/SRR11140744_BA2-CONSTRAINT/SRR11140744_BA2-CONSTRAINT.log",
                "consensus/quality_control/prokka/SRR11140744/constraint/SRR11140744_BA2-CONSTRAINT/SRR11140744_BA2-CONSTRAINT.sqn",
                "consensus/quality_control/prokka/SRR11140744/constraint/SRR11140744_BA2-CONSTRAINT/SRR11140744_BA2-CONSTRAINT.tbl",
                "consensus/quality_control/prokka/SRR11140744/constraint/SRR11140744_BA2-CONSTRAINT/SRR11140744_BA2-CONSTRAINT.tsv",
                "consensus/quality_control/prokka/SRR11140744/constraint/SRR11140744_BA2-CONSTRAINT/SRR11140744_BA2-CONSTRAINT.txt",
                "consensus/quality_control/prokka/SRR11140744/constraint/SRR11140744_BA24-CONSTRAINT",
                "consensus/quality_control/prokka/SRR11140744/constraint/SRR11140744_BA24-CONSTRAINT/SRR11140744_BA24-CONSTRAINT.err",
                "consensus/quality_control/prokka/SRR11140744/constraint/SRR11140744_BA24-CONSTRAINT/SRR11140744_BA24-CONSTRAINT.faa",
                "consensus/quality_control/prokka/SRR11140744/constraint/SRR11140744_BA24-CONSTRAINT/SRR11140744_BA24-CONSTRAINT.ffn",
                "consensus/quality_control/prokka/SRR11140744/constraint/SRR11140744_BA24-CONSTRAINT/SRR11140744_BA24-CONSTRAINT.fna",
                "consensus/quality_control/prokka/SRR11140744/constraint/SRR11140744_BA24-CONSTRAINT/SRR11140744_BA24-CONSTRAINT.fsa",
                "consensus/quality_control/prokka/SRR11140744/constraint/SRR11140744_BA24-CONSTRAINT/SRR11140744_BA24-CONSTRAINT.gbk",
                "consensus/quality_control/prokka/SRR11140744/constraint/SRR11140744_BA24-CONSTRAINT/SRR11140744_BA24-CONSTRAINT.gff",
                "consensus/quality_control/prokka/SRR11140744/constraint/SRR11140744_BA24-CONSTRAINT/SRR11140744_BA24-CONSTRAINT.log",
                "consensus/quality_control/prokka/SRR11140744/constraint/SRR11140744_BA24-CONSTRAINT/SRR11140744_BA24-CONSTRAINT.sqn",
                "consensus/quality_control/prokka/SRR11140744/constraint/SRR11140744_BA24-CONSTRAINT/SRR11140744_BA24-CONSTRAINT.tbl",
                "consensus/quality_control/prokka/SRR11140744/constraint/SRR11140744_BA24-CONSTRAINT/SRR11140744_BA24-CONSTRAINT.tsv",
                "consensus/quality_control/prokka/SRR11140744/constraint/SRR11140744_BA24-CONSTRAINT/SRR11140744_BA24-CONSTRAINT.txt",
                "consensus/quality_control/prokka/SRR11140744/constraint/SRR11140744_MN908947-CONSTRAINT",
                "consensus/quality_control/prokka/SRR11140744/constraint/SRR11140744_MN908947-CONSTRAINT/SRR11140744_MN908947-CONSTRAINT.err",
                "consensus/quality_control/prokka/SRR11140744/constraint/SRR11140744_MN908947-CONSTRAINT/SRR11140744_MN908947-CONSTRAINT.faa",
                "consensus/quality_control/prokka/SRR11140744/constraint/SRR11140744_MN908947-CONSTRAINT/SRR11140744_MN908947-CONSTRAINT.ffn",
                "consensus/quality_control/prokka/SRR11140744/constraint/SRR11140744_MN908947-CONSTRAINT/SRR11140744_MN908947-CONSTRAINT.fna",
                "consensus/quality_control/prokka/SRR11140744/constraint/SRR11140744_MN908947-CONSTRAINT/SRR11140744_MN908947-CONSTRAINT.fsa",
                "consensus/quality_control/prokka/SRR11140744/constraint/SRR11140744_MN908947-CONSTRAINT/SRR11140744_MN908947-CONSTRAINT.gbk",
                "consensus/quality_control/prokka/SRR11140744/constraint/SRR11140744_MN908947-CONSTRAINT/SRR11140744_MN908947-CONSTRAINT.gff",
                "consensus/quality_control/prokka/SRR11140744/constraint/SRR11140744_MN908947-CONSTRAINT/SRR11140744_MN908947-CONSTRAINT.log",
                "consensus/quality_control/prokka/SRR11140744/constraint/SRR11140744_MN908947-CONSTRAINT/SRR11140744_MN908947-CONSTRAINT.sqn",
                "consensus/quality_control/prokka/SRR11140744/constraint/SRR11140744_MN908947-CONSTRAINT/SRR11140744_MN908947-CONSTRAINT.tbl",
                "consensus/quality_control/prokka/SRR11140744/constraint/SRR11140744_MN908947-CONSTRAINT/SRR11140744_MN908947-CONSTRAINT.tsv",
                "consensus/quality_control/prokka/SRR11140744/constraint/SRR11140744_MN908947-CONSTRAINT/SRR11140744_MN908947-CONSTRAINT.txt",
                "consensus/quality_control/prokka/SRR11140744/constraint/versions.yml",
                "consensus/quality_control/prokka/SRR11140748",
                "consensus/quality_control/prokka/SRR11140748/constraint",
                "consensus/quality_control/prokka/SRR11140748/constraint/SRR11140748_BA24-CONSTRAINT",
                "consensus/quality_control/prokka/SRR11140748/constraint/SRR11140748_BA24-CONSTRAINT/SRR11140748_BA24-CONSTRAINT.err",
                "consensus/quality_control/prokka/SRR11140748/constraint/SRR11140748_BA24-CONSTRAINT/SRR11140748_BA24-CONSTRAINT.faa",
                "consensus/quality_control/prokka/SRR11140748/constraint/SRR11140748_BA24-CONSTRAINT/SRR11140748_BA24-CONSTRAINT.ffn",
                "consensus/quality_control/prokka/SRR11140748/constraint/SRR11140748_BA24-CONSTRAINT/SRR11140748_BA24-CONSTRAINT.fna",
                "consensus/quality_control/prokka/SRR11140748/constraint/SRR11140748_BA24-CONSTRAINT/SRR11140748_BA24-CONSTRAINT.fsa",
                "consensus/quality_control/prokka/SRR11140748/constraint/SRR11140748_BA24-CONSTRAINT/SRR11140748_BA24-CONSTRAINT.gbk",
                "consensus/quality_control/prokka/SRR11140748/constraint/SRR11140748_BA24-CONSTRAINT/SRR11140748_BA24-CONSTRAINT.gff",
                "consensus/quality_control/prokka/SRR11140748/constraint/SRR11140748_BA24-CONSTRAINT/SRR11140748_BA24-CONSTRAINT.log",
                "consensus/quality_control/prokka/SRR11140748/constraint/SRR11140748_BA24-CONSTRAINT/SRR11140748_BA24-CONSTRAINT.sqn",
                "consensus/quality_control/prokka/SRR11140748/constraint/SRR11140748_BA24-CONSTRAINT/SRR11140748_BA24-CONSTRAINT.tbl",
                "consensus/quality_control/prokka/SRR11140748/constraint/SRR11140748_BA24-CONSTRAINT/SRR11140748_BA24-CONSTRAINT.tsv",
                "consensus/quality_control/prokka/SRR11140748/constraint/SRR11140748_BA24-CONSTRAINT/SRR11140748_BA24-CONSTRAINT.txt",
                "consensus/quality_control/prokka/SRR11140748/constraint/SRR11140748_MN908947-CONSTRAINT",
                "consensus/quality_control/prokka/SRR11140748/constraint/SRR11140748_MN908947-CONSTRAINT/SRR11140748_MN908947-CONSTRAINT.err",
                "consensus/quality_control/prokka/SRR11140748/constraint/SRR11140748_MN908947-CONSTRAINT/SRR11140748_MN908947-CONSTRAINT.faa",
                "consensus/quality_control/prokka/SRR11140748/constraint/SRR11140748_MN908947-CONSTRAINT/SRR11140748_MN908947-CONSTRAINT.ffn",
                "consensus/quality_control/prokka/SRR11140748/constraint/SRR11140748_MN908947-CONSTRAINT/SRR11140748_MN908947-CONSTRAINT.fna",
                "consensus/quality_control/prokka/SRR11140748/constraint/SRR11140748_MN908947-CONSTRAINT/SRR11140748_MN908947-CONSTRAINT.fsa",
                "consensus/quality_control/prokka/SRR11140748/constraint/SRR11140748_MN908947-CONSTRAINT/SRR11140748_MN908947-CONSTRAINT.gbk",
                "consensus/quality_control/prokka/SRR11140748/constraint/SRR11140748_MN908947-CONSTRAINT/SRR11140748_MN908947-CONSTRAINT.gff",
                "consensus/quality_control/prokka/SRR11140748/constraint/SRR11140748_MN908947-CONSTRAINT/SRR11140748_MN908947-CONSTRAINT.log",
                "consensus/quality_control/prokka/SRR11140748/constraint/SRR11140748_MN908947-CONSTRAINT/SRR11140748_MN908947-CONSTRAINT.sqn",
                "consensus/quality_control/prokka/SRR11140748/constraint/SRR11140748_MN908947-CONSTRAINT/SRR11140748_MN908947-CONSTRAINT.tbl",
                "consensus/quality_control/prokka/SRR11140748/constraint/SRR11140748_MN908947-CONSTRAINT/SRR11140748_MN908947-CONSTRAINT.tsv",
                "consensus/quality_control/prokka/SRR11140748/constraint/SRR11140748_MN908947-CONSTRAINT/SRR11140748_MN908947-CONSTRAINT.txt",
                "consensus/quality_control/prokka/SRR11140748/constraint/versions.yml",
                "consensus/quality_control/quast",
                "consensus/quality_control/quast/SRR11140744",
                "consensus/quality_control/quast/SRR11140744/constraint",
                "consensus/quality_control/quast/SRR11140744/constraint/SRR11140744_BA2-CONSTRAINT.tsv",
                "consensus/quality_control/quast/SRR11140744/constraint/SRR11140744_BA24-CONSTRAINT.tsv",
                "consensus/quality_control/quast/SRR11140744/constraint/SRR11140744_MN908947-CONSTRAINT.tsv",
                "consensus/quality_control/quast/SRR11140748",
                "consensus/quality_control/quast/SRR11140748/constraint",
                "consensus/quality_control/quast/SRR11140748/constraint/SRR11140748_BA24-CONSTRAINT.tsv",
                "consensus/quality_control/quast/SRR11140748/constraint/SRR11140748_MN908947-CONSTRAINT.tsv",
                "consensus/seq",
                "consensus/seq/constraint",
                "consensus/seq/constraint/SRR11140744",
                "consensus/seq/constraint/SRR11140744/SRR11140744_BA2-CONSTRAINT_itvariant-calling.consensus.fasta",
                "consensus/seq/constraint/SRR11140744/SRR11140744_BA24-CONSTRAINT_itvariant-calling.consensus.fasta",
                "consensus/seq/constraint/SRR11140744/SRR11140744_MN908947-CONSTRAINT_itvariant-calling.consensus.fasta",
                "consensus/seq/constraint/SRR11140748",
                "consensus/seq/constraint/SRR11140748/SRR11140748_BA24-CONSTRAINT_itvariant-calling.consensus.fasta",
                "consensus/seq/constraint/SRR11140748/SRR11140748_MN908947-CONSTRAINT_itvariant-calling.consensus.fasta",
                "databases",
                "databases/annotation",
                "databases/annotation/annotation",
                "databases/annotation/annotation/annotation",
                "databases/annotation/annotation/annotation.dbtype",
                "databases/annotation/annotation/annotation.index",
                "databases/annotation/annotation/annotation.lookup",
                "databases/annotation/annotation/annotation.source",
                "databases/annotation/annotation/annotation_h",
                "databases/annotation/annotation/annotation_h.dbtype",
                "databases/annotation/annotation/annotation_h.index",
                "databases/k2_host",
                "databases/k2_host/hash.k2d",
                "databases/k2_host/opts.k2d",
                "databases/k2_host/taxo.k2d",
                "databases/kaiju",
                "databases/kaiju/._proteins.fmi",
                "databases/kaiju/names.dmp",
                "databases/kaiju/nodes.dmp",
                "databases/kaiju/proteins.fmi",
                "databases/kraken2",
                "databases/kraken2/database100mers.kmer_distrib",
                "databases/kraken2/database150mers.kmer_distrib",
                "databases/kraken2/database200mers.kmer_distrib",
                "databases/kraken2/database250mers.kmer_distrib",
                "databases/kraken2/database300mers.kmer_distrib",
                "databases/kraken2/database50mers.kmer_distrib",
                "databases/kraken2/database75mers.kmer_distrib",
                "databases/kraken2/hash.k2d",
                "databases/kraken2/inspect.txt",
                "databases/kraken2/ktaxonomy.tsv",
                "databases/kraken2/opts.k2d",
                "databases/kraken2/seqid2taxid.map",
                "databases/kraken2/taxo.k2d",
                "databases/reference",
                "databases/reference/sarscov2.fasta.ndb",
                "databases/reference/sarscov2.fasta.nhr",
                "databases/reference/sarscov2.fasta.nin",
                "databases/reference/sarscov2.fasta.njs",
                "databases/reference/sarscov2.fasta.not",
                "databases/reference/sarscov2.fasta.nsq",
                "databases/reference/sarscov2.fasta.ntf",
                "databases/reference/sarscov2.fasta.nto",
                "databases/virosaurus90_vertebrate-20200330.fas",
                "pipeline_info",
                "pipeline_info/viralmetagenome_mqc_versions.yml",
                "preprocessing",
                "preprocessing/fastp",
                "preprocessing/fastp/log",
                "preprocessing/fastp/log/SRR11140744.fastp.log",
                "preprocessing/fastp/log/SRR11140748.fastp.log",
                "preprocessing/fastp/log/empty-SRR.fastp.log",
                "preprocessing/fastp/report",
                "preprocessing/fastp/report/SRR11140744.fastp.html",
                "preprocessing/fastp/report/SRR11140744.fastp.json",
                "preprocessing/fastp/report/SRR11140748.fastp.html",
                "preprocessing/fastp/report/SRR11140748.fastp.json",
                "preprocessing/fastp/report/empty-SRR.fastp.html",
                "preprocessing/fastp/report/empty-SRR.fastp.json",
                "preprocessing/fastqc",
                "preprocessing/fastqc/host",
                "preprocessing/fastqc/host/SRR11140744_host_1_fastqc.html",
                "preprocessing/fastqc/host/SRR11140744_host_1_fastqc.zip",
                "preprocessing/fastqc/host/SRR11140744_host_2_fastqc.html",
                "preprocessing/fastqc/host/SRR11140744_host_2_fastqc.zip",
                "preprocessing/fastqc/host/SRR11140748_host_1_fastqc.html",
                "preprocessing/fastqc/host/SRR11140748_host_1_fastqc.zip",
                "preprocessing/fastqc/host/SRR11140748_host_2_fastqc.html",
                "preprocessing/fastqc/host/SRR11140748_host_2_fastqc.zip",
                "preprocessing/fastqc/raw",
                "preprocessing/fastqc/raw/SRR11140744_raw_1_fastqc.html",
                "preprocessing/fastqc/raw/SRR11140744_raw_1_fastqc.zip",
                "preprocessing/fastqc/raw/SRR11140744_raw_2_fastqc.html",
                "preprocessing/fastqc/raw/SRR11140744_raw_2_fastqc.zip",
                "preprocessing/fastqc/raw/SRR11140748_raw_1_fastqc.html",
                "preprocessing/fastqc/raw/SRR11140748_raw_1_fastqc.zip",
                "preprocessing/fastqc/raw/SRR11140748_raw_2_fastqc.html",
                "preprocessing/fastqc/raw/SRR11140748_raw_2_fastqc.zip",
                "preprocessing/fastqc/raw/empty-SRR_raw_1_fastqc.html",
                "preprocessing/fastqc/raw/empty-SRR_raw_1_fastqc.zip",
                "preprocessing/fastqc/raw/empty-SRR_raw_2_fastqc.html",
                "preprocessing/fastqc/raw/empty-SRR_raw_2_fastqc.zip",
                "preprocessing/fastqc/trim",
                "preprocessing/fastqc/trim/SRR11140744_trim_1_fastqc.html",
                "preprocessing/fastqc/trim/SRR11140744_trim_1_fastqc.zip",
                "preprocessing/fastqc/trim/SRR11140744_trim_2_fastqc.html",
                "preprocessing/fastqc/trim/SRR11140744_trim_2_fastqc.zip",
                "preprocessing/fastqc/trim/SRR11140748_trim_1_fastqc.html",
                "preprocessing/fastqc/trim/SRR11140748_trim_1_fastqc.zip",
                "preprocessing/fastqc/trim/SRR11140748_trim_2_fastqc.html",
                "preprocessing/fastqc/trim/SRR11140748_trim_2_fastqc.zip",
                "preprocessing/hostremoval-kraken2",
                "preprocessing/hostremoval-kraken2/SRR11140744_kraken2_host.kraken2.report.txt",
                "preprocessing/hostremoval-kraken2/SRR11140744_kraken2_host.unclassified_1.fastq.gz",
                "preprocessing/hostremoval-kraken2/SRR11140744_kraken2_host.unclassified_2.fastq.gz",
                "preprocessing/hostremoval-kraken2/SRR11140748_kraken2_host.kraken2.report.txt",
                "preprocessing/hostremoval-kraken2/SRR11140748_kraken2_host.unclassified_1.fastq.gz",
                "preprocessing/hostremoval-kraken2/SRR11140748_kraken2_host.unclassified_2.fastq.gz",
                "preprocessing/prinseq",
                "preprocessing/prinseq/log",
                "preprocessing/prinseq/log/SRR11140744.log",
                "preprocessing/prinseq/log/SRR11140748.log",
                "variants",
                "variants/annotation",
                "variants/annotation/SRR11140744",
                "variants/annotation/SRR11140744/SRR11140744_BA2-CONSTRAINT.ann.vcf",
                "variants/annotation/SRR11140744/SRR11140744_MN908947-CONSTRAINT.ann.vcf",
                "variants/annotation/SRR11140748",
                "variants/annotation/SRR11140748/SRR11140748_MN908947-CONSTRAINT.ann.vcf",
                "variants/ivar",
                "variants/ivar/SRR11140744",
                "variants/ivar/SRR11140744/SRR11140744_BA2-CONSTRAINT_constraint.bcftools_stats.txt",
                "variants/ivar/SRR11140744/SRR11140744_BA2-CONSTRAINT_constraint.filtered.vcf.gz",
                "variants/ivar/SRR11140744/SRR11140744_BA2-CONSTRAINT_constraint.mpileup",
                "variants/ivar/SRR11140744/SRR11140744_BA2-CONSTRAINT_constraint.sort.vcf.gz.tbi",
                "variants/ivar/SRR11140744/SRR11140744_BA2-CONSTRAINT_constraint.tsv",
                "variants/ivar/SRR11140744/SRR11140744_BA2-CONSTRAINT_constraint.variant_counts.log",
                "variants/ivar/SRR11140744/SRR11140744_BA2-CONSTRAINT_constraint.vcf",
                "variants/ivar/SRR11140744/SRR11140744_BA24-CONSTRAINT_constraint.mpileup",
                "variants/ivar/SRR11140744/SRR11140744_BA24-CONSTRAINT_constraint.sort.vcf.gz.tbi",
                "variants/ivar/SRR11140744/SRR11140744_BA24-CONSTRAINT_constraint.tsv",
                "variants/ivar/SRR11140744/SRR11140744_BA24-CONSTRAINT_constraint.variant_counts.log",
                "variants/ivar/SRR11140744/SRR11140744_BA24-CONSTRAINT_constraint.vcf",
                "variants/ivar/SRR11140744/SRR11140744_MN908947-CONSTRAINT_constraint.bcftools_stats.txt",
                "variants/ivar/SRR11140744/SRR11140744_MN908947-CONSTRAINT_constraint.filtered.vcf.gz",
                "variants/ivar/SRR11140744/SRR11140744_MN908947-CONSTRAINT_constraint.mpileup",
                "variants/ivar/SRR11140744/SRR11140744_MN908947-CONSTRAINT_constraint.sort.vcf.gz.tbi",
                "variants/ivar/SRR11140744/SRR11140744_MN908947-CONSTRAINT_constraint.tsv",
                "variants/ivar/SRR11140744/SRR11140744_MN908947-CONSTRAINT_constraint.variant_counts.log",
                "variants/ivar/SRR11140744/SRR11140744_MN908947-CONSTRAINT_constraint.vcf",
                "variants/ivar/SRR11140748",
                "variants/ivar/SRR11140748/SRR11140748_BA24-CONSTRAINT_constraint.mpileup",
                "variants/ivar/SRR11140748/SRR11140748_BA24-CONSTRAINT_constraint.sort.vcf.gz.tbi",
                "variants/ivar/SRR11140748/SRR11140748_BA24-CONSTRAINT_constraint.tsv",
                "variants/ivar/SRR11140748/SRR11140748_BA24-CONSTRAINT_constraint.variant_counts.log",
                "variants/ivar/SRR11140748/SRR11140748_BA24-CONSTRAINT_constraint.vcf",
                "variants/ivar/SRR11140748/SRR11140748_MN908947-CONSTRAINT_constraint.bcftools_stats.txt",
                "variants/ivar/SRR11140748/SRR11140748_MN908947-CONSTRAINT_constraint.filtered.vcf.gz",
                "variants/ivar/SRR11140748/SRR11140748_MN908947-CONSTRAINT_constraint.mpileup",
                "variants/ivar/SRR11140748/SRR11140748_MN908947-CONSTRAINT_constraint.sort.vcf.gz.tbi",
                "variants/ivar/SRR11140748/SRR11140748_MN908947-CONSTRAINT_constraint.tsv",
                "variants/ivar/SRR11140748/SRR11140748_MN908947-CONSTRAINT_constraint.variant_counts.log",
                "variants/ivar/SRR11140748/SRR11140748_MN908947-CONSTRAINT_constraint.vcf",
                "variants/mapping-info",
                "variants/mapping-info/bwamem2",
                "variants/mapping-info/bwamem2/bam",
                "variants/mapping-info/bwamem2/bam/SRR11140744",
                "variants/mapping-info/bwamem2/bam/SRR11140744/SRR11140744_BA2-CONSTRAINT_constraint.bam",
                "variants/mapping-info/bwamem2/bam/SRR11140744/SRR11140744_BA24-CONSTRAINT_constraint.bam",
                "variants/mapping-info/bwamem2/bam/SRR11140744/SRR11140744_MN908947-CONSTRAINT_constraint.bam",
                "variants/mapping-info/bwamem2/bam/SRR11140748",
                "variants/mapping-info/bwamem2/bam/SRR11140748/SRR11140748_BA24-CONSTRAINT_constraint.bam",
                "variants/mapping-info/bwamem2/bam/SRR11140748/SRR11140748_MN908947-CONSTRAINT_constraint.bam",
                "variants/mapping-info/bwamem2/index",
                "variants/mapping-info/bwamem2/index/SRR11140744_BA2-CONSTRAINT",
                "variants/mapping-info/bwamem2/index/SRR11140744_BA2-CONSTRAINT/bwamem2",
                "variants/mapping-info/bwamem2/index/SRR11140744_BA2-CONSTRAINT/bwamem2/SRR11140744_BA2-CONSTRAINT_constraint.0123",
                "variants/mapping-info/bwamem2/index/SRR11140744_BA2-CONSTRAINT/bwamem2/SRR11140744_BA2-CONSTRAINT_constraint.amb",
                "variants/mapping-info/bwamem2/index/SRR11140744_BA2-CONSTRAINT/bwamem2/SRR11140744_BA2-CONSTRAINT_constraint.ann",
                "variants/mapping-info/bwamem2/index/SRR11140744_BA2-CONSTRAINT/bwamem2/SRR11140744_BA2-CONSTRAINT_constraint.bwt.2bit.64",
                "variants/mapping-info/bwamem2/index/SRR11140744_BA2-CONSTRAINT/bwamem2/SRR11140744_BA2-CONSTRAINT_constraint.pac",
                "variants/mapping-info/bwamem2/index/SRR11140744_BA24-CONSTRAINT",
                "variants/mapping-info/bwamem2/index/SRR11140744_BA24-CONSTRAINT/bwamem2",
                "variants/mapping-info/bwamem2/index/SRR11140744_BA24-CONSTRAINT/bwamem2/SRR11140744_BA24-CONSTRAINT_constraint.0123",
                "variants/mapping-info/bwamem2/index/SRR11140744_BA24-CONSTRAINT/bwamem2/SRR11140744_BA24-CONSTRAINT_constraint.amb",
                "variants/mapping-info/bwamem2/index/SRR11140744_BA24-CONSTRAINT/bwamem2/SRR11140744_BA24-CONSTRAINT_constraint.ann",
                "variants/mapping-info/bwamem2/index/SRR11140744_BA24-CONSTRAINT/bwamem2/SRR11140744_BA24-CONSTRAINT_constraint.bwt.2bit.64",
                "variants/mapping-info/bwamem2/index/SRR11140744_BA24-CONSTRAINT/bwamem2/SRR11140744_BA24-CONSTRAINT_constraint.pac",
                "variants/mapping-info/bwamem2/index/SRR11140744_MN908947-CONSTRAINT",
                "variants/mapping-info/bwamem2/index/SRR11140744_MN908947-CONSTRAINT/bwamem2",
                "variants/mapping-info/bwamem2/index/SRR11140744_MN908947-CONSTRAINT/bwamem2/SRR11140744_MN908947-CONSTRAINT_constraint.0123",
                "variants/mapping-info/bwamem2/index/SRR11140744_MN908947-CONSTRAINT/bwamem2/SRR11140744_MN908947-CONSTRAINT_constraint.amb",
                "variants/mapping-info/bwamem2/index/SRR11140744_MN908947-CONSTRAINT/bwamem2/SRR11140744_MN908947-CONSTRAINT_constraint.ann",
                "variants/mapping-info/bwamem2/index/SRR11140744_MN908947-CONSTRAINT/bwamem2/SRR11140744_MN908947-CONSTRAINT_constraint.bwt.2bit.64",
                "variants/mapping-info/bwamem2/index/SRR11140744_MN908947-CONSTRAINT/bwamem2/SRR11140744_MN908947-CONSTRAINT_constraint.pac",
                "variants/mapping-info/bwamem2/index/SRR11140748_BA24-CONSTRAINT",
                "variants/mapping-info/bwamem2/index/SRR11140748_BA24-CONSTRAINT/bwamem2",
                "variants/mapping-info/bwamem2/index/SRR11140748_BA24-CONSTRAINT/bwamem2/SRR11140748_BA24-CONSTRAINT_constraint.0123",
                "variants/mapping-info/bwamem2/index/SRR11140748_BA24-CONSTRAINT/bwamem2/SRR11140748_BA24-CONSTRAINT_constraint.amb",
                "variants/mapping-info/bwamem2/index/SRR11140748_BA24-CONSTRAINT/bwamem2/SRR11140748_BA24-CONSTRAINT_constraint.ann",
                "variants/mapping-info/bwamem2/index/SRR11140748_BA24-CONSTRAINT/bwamem2/SRR11140748_BA24-CONSTRAINT_constraint.bwt.2bit.64",
                "variants/mapping-info/bwamem2/index/SRR11140748_BA24-CONSTRAINT/bwamem2/SRR11140748_BA24-CONSTRAINT_constraint.pac",
                "variants/mapping-info/bwamem2/index/SRR11140748_MN908947-CONSTRAINT",
                "variants/mapping-info/bwamem2/index/SRR11140748_MN908947-CONSTRAINT/bwamem2",
                "variants/mapping-info/bwamem2/index/SRR11140748_MN908947-CONSTRAINT/bwamem2/SRR11140748_MN908947-CONSTRAINT_constraint.0123",
                "variants/mapping-info/bwamem2/index/SRR11140748_MN908947-CONSTRAINT/bwamem2/SRR11140748_MN908947-CONSTRAINT_constraint.amb",
                "variants/mapping-info/bwamem2/index/SRR11140748_MN908947-CONSTRAINT/bwamem2/SRR11140748_MN908947-CONSTRAINT_constraint.ann",
                "variants/mapping-info/bwamem2/index/SRR11140748_MN908947-CONSTRAINT/bwamem2/SRR11140748_MN908947-CONSTRAINT_constraint.bwt.2bit.64",
                "variants/mapping-info/bwamem2/index/SRR11140748_MN908947-CONSTRAINT/bwamem2/SRR11140748_MN908947-CONSTRAINT_constraint.pac",
                "variants/mapping-info/bwamem2/unmapped",
                "variants/mapping-info/bwamem2/unmapped/SRR11140744",
                "variants/mapping-info/bwamem2/unmapped/SRR11140748",
                "variants/mapping-info/custom-vcf",
                "variants/mapping-info/custom-vcf/SRR11140744",
                "variants/mapping-info/custom-vcf/SRR11140744/SRR11140744_BA2-CONSTRAINT_constraint.vcf.tsv",
                "variants/mapping-info/custom-vcf/SRR11140744/SRR11140744_BA24-CONSTRAINT_constraint.vcf.tsv",
                "variants/mapping-info/custom-vcf/SRR11140744/SRR11140744_MN908947-CONSTRAINT_constraint.vcf.tsv",
                "variants/mapping-info/custom-vcf/SRR11140748",
                "variants/mapping-info/custom-vcf/SRR11140748/SRR11140748_BA24-CONSTRAINT_constraint.vcf.tsv",
                "variants/mapping-info/custom-vcf/SRR11140748/SRR11140748_MN908947-CONSTRAINT_constraint.vcf.tsv",
                "variants/mapping-info/deduplicate",
                "variants/mapping-info/deduplicate/bam",
                "variants/mapping-info/deduplicate/bam/SRR11140744",
                "variants/mapping-info/deduplicate/bam/SRR11140744/SRR11140744_BA2-CONSTRAINT_constraint.bam.bai",
                "variants/mapping-info/deduplicate/bam/SRR11140744/SRR11140744_BA24-CONSTRAINT_constraint.bam.bai",
                "variants/mapping-info/deduplicate/bam/SRR11140744/SRR11140744_MN908947-CONSTRAINT_constraint.bam.bai",
                "variants/mapping-info/deduplicate/bam/SRR11140748",
                "variants/mapping-info/deduplicate/bam/SRR11140748/SRR11140748_BA24-CONSTRAINT_constraint.bam.bai",
                "variants/mapping-info/deduplicate/bam/SRR11140748/SRR11140748_MN908947-CONSTRAINT_constraint.bam.bai",
                "variants/mapping-info/mash",
                "variants/mapping-info/mash/screen",
                "variants/mapping-info/mash/screen/SRR11140744_BA24-CONSTRAINT.screen",
                "variants/mapping-info/mash/screen/SRR11140748_BA24-CONSTRAINT.screen",
                "variants/mapping-info/mash/select-ref",
                "variants/mapping-info/mash/select-ref/SRR11140744_BA24-CONSTRAINT.json",
                "variants/mapping-info/mash/select-ref/SRR11140748_BA24-CONSTRAINT.json",
                "variants/mapping-info/mash/sketch",
                "variants/mapping-info/mash/sketch/SRR11140744_BA24-CONSTRAINT.msh",
                "variants/mapping-info/mash/sketch/SRR11140748_BA24-CONSTRAINT.msh",
                "variants/mapping-info/metrics",
                "variants/mapping-info/metrics/flagstat",
                "variants/mapping-info/metrics/flagstat/SRR11140744",
                "variants/mapping-info/metrics/flagstat/SRR11140744/SRR11140744_BA2-CONSTRAINT_constraint.flagstat",
                "variants/mapping-info/metrics/flagstat/SRR11140744/SRR11140744_BA24-CONSTRAINT_constraint.flagstat",
                "variants/mapping-info/metrics/flagstat/SRR11140744/SRR11140744_MN908947-CONSTRAINT_constraint.flagstat",
                "variants/mapping-info/metrics/flagstat/SRR11140748",
                "variants/mapping-info/metrics/flagstat/SRR11140748/SRR11140748_BA24-CONSTRAINT_constraint.flagstat",
                "variants/mapping-info/metrics/flagstat/SRR11140748/SRR11140748_MN908947-CONSTRAINT_constraint.flagstat",
                "variants/mapping-info/metrics/idxstats",
                "variants/mapping-info/metrics/idxstats/SRR11140744",
                "variants/mapping-info/metrics/idxstats/SRR11140744/SRR11140744_BA2-CONSTRAINT_constraint.idxstats",
                "variants/mapping-info/metrics/idxstats/SRR11140744/SRR11140744_BA24-CONSTRAINT_constraint.idxstats",
                "variants/mapping-info/metrics/idxstats/SRR11140744/SRR11140744_MN908947-CONSTRAINT_constraint.idxstats",
                "variants/mapping-info/metrics/idxstats/SRR11140748",
                "variants/mapping-info/metrics/idxstats/SRR11140748/SRR11140748_BA24-CONSTRAINT_constraint.idxstats",
                "variants/mapping-info/metrics/idxstats/SRR11140748/SRR11140748_MN908947-CONSTRAINT_constraint.idxstats",
                "variants/mapping-info/metrics/mosdepth",
                "variants/mapping-info/metrics/mosdepth/SRR11140744",
                "variants/mapping-info/metrics/mosdepth/SRR11140744/SRR11140744_BA2-CONSTRAINT_constraint.mosdepth.global.dist.txt",
                "variants/mapping-info/metrics/mosdepth/SRR11140744/SRR11140744_BA2-CONSTRAINT_constraint.mosdepth.summary.txt",
                "variants/mapping-info/metrics/mosdepth/SRR11140744/SRR11140744_BA2-CONSTRAINT_constraint.per-base.bed.gz",
                "variants/mapping-info/metrics/mosdepth/SRR11140744/SRR11140744_BA2-CONSTRAINT_constraint.per-base.bed.gz.csi",
                "variants/mapping-info/metrics/mosdepth/SRR11140744/SRR11140744_BA24-CONSTRAINT_constraint.mosdepth.global.dist.txt",
                "variants/mapping-info/metrics/mosdepth/SRR11140744/SRR11140744_BA24-CONSTRAINT_constraint.mosdepth.summary.txt",
                "variants/mapping-info/metrics/mosdepth/SRR11140744/SRR11140744_BA24-CONSTRAINT_constraint.per-base.bed.gz",
                "variants/mapping-info/metrics/mosdepth/SRR11140744/SRR11140744_BA24-CONSTRAINT_constraint.per-base.bed.gz.csi",
                "variants/mapping-info/metrics/mosdepth/SRR11140744/SRR11140744_MN908947-CONSTRAINT_constraint.mosdepth.global.dist.txt",
                "variants/mapping-info/metrics/mosdepth/SRR11140744/SRR11140744_MN908947-CONSTRAINT_constraint.mosdepth.summary.txt",
                "variants/mapping-info/metrics/mosdepth/SRR11140744/SRR11140744_MN908947-CONSTRAINT_constraint.per-base.bed.gz",
                "variants/mapping-info/metrics/mosdepth/SRR11140744/SRR11140744_MN908947-CONSTRAINT_constraint.per-base.bed.gz.csi",
                "variants/mapping-info/metrics/mosdepth/SRR11140748",
                "variants/mapping-info/metrics/mosdepth/SRR11140748/SRR11140748_BA24-CONSTRAINT_constraint.mosdepth.global.dist.txt",
                "variants/mapping-info/metrics/mosdepth/SRR11140748/SRR11140748_BA24-CONSTRAINT_constraint.mosdepth.summary.txt",
                "variants/mapping-info/metrics/mosdepth/SRR11140748/SRR11140748_BA24-CONSTRAINT_constraint.per-base.bed.gz",
                "variants/mapping-info/metrics/mosdepth/SRR11140748/SRR11140748_BA24-CONSTRAINT_constraint.per-base.bed.gz.csi",
                "variants/mapping-info/metrics/mosdepth/SRR11140748/SRR11140748_MN908947-CONSTRAINT_constraint.mosdepth.global.dist.txt",
                "variants/mapping-info/metrics/mosdepth/SRR11140748/SRR11140748_MN908947-CONSTRAINT_constraint.mosdepth.summary.txt",
                "variants/mapping-info/metrics/mosdepth/SRR11140748/SRR11140748_MN908947-CONSTRAINT_constraint.per-base.bed.gz",
                "variants/mapping-info/metrics/mosdepth/SRR11140748/SRR11140748_MN908947-CONSTRAINT_constraint.per-base.bed.gz.csi",
                "variants/mapping-info/metrics/picard",
                "variants/mapping-info/metrics/picard/SRR11140744",
                "variants/mapping-info/metrics/picard/SRR11140744/SRR11140744_BA2-CONSTRAINT_constraint.CollectMultipleMetrics.alignment_summary_metrics",
                "variants/mapping-info/metrics/picard/SRR11140744/SRR11140744_BA2-CONSTRAINT_constraint.CollectMultipleMetrics.base_distribution_by_cycle.pdf",
                "variants/mapping-info/metrics/picard/SRR11140744/SRR11140744_BA2-CONSTRAINT_constraint.CollectMultipleMetrics.base_distribution_by_cycle_metrics",
                "variants/mapping-info/metrics/picard/SRR11140744/SRR11140744_BA2-CONSTRAINT_constraint.CollectMultipleMetrics.insert_size_histogram.pdf",
                "variants/mapping-info/metrics/picard/SRR11140744/SRR11140744_BA2-CONSTRAINT_constraint.CollectMultipleMetrics.insert_size_metrics",
                "variants/mapping-info/metrics/picard/SRR11140744/SRR11140744_BA2-CONSTRAINT_constraint.CollectMultipleMetrics.quality_by_cycle.pdf",
                "variants/mapping-info/metrics/picard/SRR11140744/SRR11140744_BA2-CONSTRAINT_constraint.CollectMultipleMetrics.quality_by_cycle_metrics",
                "variants/mapping-info/metrics/picard/SRR11140744/SRR11140744_BA2-CONSTRAINT_constraint.CollectMultipleMetrics.quality_distribution.pdf",
                "variants/mapping-info/metrics/picard/SRR11140744/SRR11140744_BA2-CONSTRAINT_constraint.CollectMultipleMetrics.quality_distribution_metrics",
                "variants/mapping-info/metrics/picard/SRR11140744/SRR11140744_BA2-CONSTRAINT_constraint.CollectMultipleMetrics.read_length_histogram.pdf",
                "variants/mapping-info/metrics/picard/SRR11140744/SRR11140744_BA24-CONSTRAINT_constraint.CollectMultipleMetrics.alignment_summary_metrics",
                "variants/mapping-info/metrics/picard/SRR11140744/SRR11140744_BA24-CONSTRAINT_constraint.CollectMultipleMetrics.base_distribution_by_cycle.pdf",
                "variants/mapping-info/metrics/picard/SRR11140744/SRR11140744_BA24-CONSTRAINT_constraint.CollectMultipleMetrics.base_distribution_by_cycle_metrics",
                "variants/mapping-info/metrics/picard/SRR11140744/SRR11140744_BA24-CONSTRAINT_constraint.CollectMultipleMetrics.insert_size_histogram.pdf",
                "variants/mapping-info/metrics/picard/SRR11140744/SRR11140744_BA24-CONSTRAINT_constraint.CollectMultipleMetrics.insert_size_metrics",
                "variants/mapping-info/metrics/picard/SRR11140744/SRR11140744_BA24-CONSTRAINT_constraint.CollectMultipleMetrics.quality_by_cycle.pdf",
                "variants/mapping-info/metrics/picard/SRR11140744/SRR11140744_BA24-CONSTRAINT_constraint.CollectMultipleMetrics.quality_by_cycle_metrics",
                "variants/mapping-info/metrics/picard/SRR11140744/SRR11140744_BA24-CONSTRAINT_constraint.CollectMultipleMetrics.quality_distribution.pdf",
                "variants/mapping-info/metrics/picard/SRR11140744/SRR11140744_BA24-CONSTRAINT_constraint.CollectMultipleMetrics.quality_distribution_metrics",
                "variants/mapping-info/metrics/picard/SRR11140744/SRR11140744_BA24-CONSTRAINT_constraint.CollectMultipleMetrics.read_length_histogram.pdf",
                "variants/mapping-info/metrics/picard/SRR11140744/SRR11140744_MN908947-CONSTRAINT_constraint.CollectMultipleMetrics.alignment_summary_metrics",
                "variants/mapping-info/metrics/picard/SRR11140744/SRR11140744_MN908947-CONSTRAINT_constraint.CollectMultipleMetrics.base_distribution_by_cycle.pdf",
                "variants/mapping-info/metrics/picard/SRR11140744/SRR11140744_MN908947-CONSTRAINT_constraint.CollectMultipleMetrics.base_distribution_by_cycle_metrics",
                "variants/mapping-info/metrics/picard/SRR11140744/SRR11140744_MN908947-CONSTRAINT_constraint.CollectMultipleMetrics.insert_size_histogram.pdf",
                "variants/mapping-info/metrics/picard/SRR11140744/SRR11140744_MN908947-CONSTRAINT_constraint.CollectMultipleMetrics.insert_size_metrics",
                "variants/mapping-info/metrics/picard/SRR11140744/SRR11140744_MN908947-CONSTRAINT_constraint.CollectMultipleMetrics.quality_by_cycle.pdf",
                "variants/mapping-info/metrics/picard/SRR11140744/SRR11140744_MN908947-CONSTRAINT_constraint.CollectMultipleMetrics.quality_by_cycle_metrics",
                "variants/mapping-info/metrics/picard/SRR11140744/SRR11140744_MN908947-CONSTRAINT_constraint.CollectMultipleMetrics.quality_distribution.pdf",
                "variants/mapping-info/metrics/picard/SRR11140744/SRR11140744_MN908947-CONSTRAINT_constraint.CollectMultipleMetrics.quality_distribution_metrics",
                "variants/mapping-info/metrics/picard/SRR11140744/SRR11140744_MN908947-CONSTRAINT_constraint.CollectMultipleMetrics.read_length_histogram.pdf",
                "variants/mapping-info/metrics/picard/SRR11140748",
                "variants/mapping-info/metrics/picard/SRR11140748/SRR11140748_BA24-CONSTRAINT_constraint.CollectMultipleMetrics.alignment_summary_metrics",
                "variants/mapping-info/metrics/picard/SRR11140748/SRR11140748_BA24-CONSTRAINT_constraint.CollectMultipleMetrics.base_distribution_by_cycle.pdf",
                "variants/mapping-info/metrics/picard/SRR11140748/SRR11140748_BA24-CONSTRAINT_constraint.CollectMultipleMetrics.base_distribution_by_cycle_metrics",
                "variants/mapping-info/metrics/picard/SRR11140748/SRR11140748_BA24-CONSTRAINT_constraint.CollectMultipleMetrics.insert_size_histogram.pdf",
                "variants/mapping-info/metrics/picard/SRR11140748/SRR11140748_BA24-CONSTRAINT_constraint.CollectMultipleMetrics.insert_size_metrics",
                "variants/mapping-info/metrics/picard/SRR11140748/SRR11140748_BA24-CONSTRAINT_constraint.CollectMultipleMetrics.quality_by_cycle.pdf",
                "variants/mapping-info/metrics/picard/SRR11140748/SRR11140748_BA24-CONSTRAINT_constraint.CollectMultipleMetrics.quality_by_cycle_metrics",
                "variants/mapping-info/metrics/picard/SRR11140748/SRR11140748_BA24-CONSTRAINT_constraint.CollectMultipleMetrics.quality_distribution.pdf",
                "variants/mapping-info/metrics/picard/SRR11140748/SRR11140748_BA24-CONSTRAINT_constraint.CollectMultipleMetrics.quality_distribution_metrics",
                "variants/mapping-info/metrics/picard/SRR11140748/SRR11140748_BA24-CONSTRAINT_constraint.CollectMultipleMetrics.read_length_histogram.pdf",
                "variants/mapping-info/metrics/picard/SRR11140748/SRR11140748_MN908947-CONSTRAINT_constraint.CollectMultipleMetrics.alignment_summary_metrics",
                "variants/mapping-info/metrics/picard/SRR11140748/SRR11140748_MN908947-CONSTRAINT_constraint.CollectMultipleMetrics.base_distribution_by_cycle.pdf",
                "variants/mapping-info/metrics/picard/SRR11140748/SRR11140748_MN908947-CONSTRAINT_constraint.CollectMultipleMetrics.base_distribution_by_cycle_metrics",
                "variants/mapping-info/metrics/picard/SRR11140748/SRR11140748_MN908947-CONSTRAINT_constraint.CollectMultipleMetrics.insert_size_histogram.pdf",
                "variants/mapping-info/metrics/picard/SRR11140748/SRR11140748_MN908947-CONSTRAINT_constraint.CollectMultipleMetrics.insert_size_metrics",
                "variants/mapping-info/metrics/picard/SRR11140748/SRR11140748_MN908947-CONSTRAINT_constraint.CollectMultipleMetrics.quality_by_cycle.pdf",
                "variants/mapping-info/metrics/picard/SRR11140748/SRR11140748_MN908947-CONSTRAINT_constraint.CollectMultipleMetrics.quality_by_cycle_metrics",
                "variants/mapping-info/metrics/picard/SRR11140748/SRR11140748_MN908947-CONSTRAINT_constraint.CollectMultipleMetrics.quality_distribution.pdf",
                "variants/mapping-info/metrics/picard/SRR11140748/SRR11140748_MN908947-CONSTRAINT_constraint.CollectMultipleMetrics.quality_distribution_metrics",
                "variants/mapping-info/metrics/picard/SRR11140748/SRR11140748_MN908947-CONSTRAINT_constraint.CollectMultipleMetrics.read_length_histogram.pdf",
                "variants/mapping-info/metrics/stats",
                "variants/mapping-info/metrics/stats/SRR11140744",
                "variants/mapping-info/metrics/stats/SRR11140744/SRR11140744_BA2-CONSTRAINT_constraint.stats",
                "variants/mapping-info/metrics/stats/SRR11140744/SRR11140744_BA24-CONSTRAINT_constraint.stats",
                "variants/mapping-info/metrics/stats/SRR11140744/SRR11140744_MN908947-CONSTRAINT_constraint.stats",
                "variants/mapping-info/metrics/stats/SRR11140748",
                "variants/mapping-info/metrics/stats/SRR11140748/SRR11140748_BA24-CONSTRAINT_constraint.stats",
                "variants/mapping-info/metrics/stats/SRR11140748/SRR11140748_MN908947-CONSTRAINT_constraint.stats"
            ],
            [
                "SRR11140744_megahit.contigs.fa.gz:md5,766e37506abdbe4b4b5d0c348ca27656",
                "SRR11140748_megahit.contigs.fa.gz:md5,a089d23db169c8c6cd17f1e3ce5a4e2c",
                "SRR11140744_megahit.idxstats:md5,00f80c99d195bf297caaf767ae5241a3",
                "SRR11140748_megahit.idxstats:md5,f00b615090fa6b493a8aba98ea5d3db0",
                "SRR11140744_megahit.tsv:md5,4ac968c3fa20ee359e1e5587f1e489ca",
                "SRR11140748_megahit.tsv:md5,fb293081bb5870d7feee2a4f1be5f991",
                "SRR11140744_spades.idxstats:md5,b43e2e93b5f104ac19b4f66f0b7325fd",
                "SRR11140748_spades.idxstats:md5,b8ae33baa04ee0a7e4cb0f6c14f1a39a",
                "SRR11140744_spades.tsv:md5,3ac34dcd6c41a4374fced0dd0d3f0290",
                "SRR11140748_spades.tsv:md5,8c012ae46d27f31709494e3d2d15b99d",
                "SRR11140744_spades.assembly.gfa.gz:md5,86be24c00870a1b397ed11df8a7fa424",
                "SRR11140744_spades.contigs.fa.gz:md5,66161b06208b6db1cf88fee7fd19c57b",
                "SRR11140744_spades.scaffolds.fa.gz:md5,66161b06208b6db1cf88fee7fd19c57b",
                "SRR11140748_spades.assembly.gfa.gz:md5,5275ca89b311a3bed7da7f474262b941",
                "SRR11140748_spades.contigs.fa.gz:md5,3e17e5c0992a67d9a6d2be6602af9fbc",
                "SRR11140748_spades.scaffolds.fa.gz:md5,3e17e5c0992a67d9a6d2be6602af9fbc",
                "SRR11140744_spades.spades.log:md5,63dae9b9553dba8a12c3ad3d53e2a512",
                "SRR11140748_spades.spades.log:md5,9bf989e92ff46278fdd2b5d5bf629ac2",
                "SRR11140744_bad_out.fasta:md5,d41d8cd98f00b204e9800998ecf8427e",
                "SRR11140744_good_out.fasta:md5,ca830546a37032522b1f335f1bd70a89",
                "SRR11140748_bad_out.fasta:md5,d41d8cd98f00b204e9800998ecf8427e",
                "SRR11140748_good_out.fasta:md5,d720548b5747b6a9c37037732432c2a4",
                "SRR11140744.combined.fa:md5,b2dc569cf6309d93238a7fa3917a0c3b",
                "SRR11140748.combined.fa:md5,bf85a96b2f7a1685f3831eb4488177d3",
                "SRR11140744.filter.tsv:md5,286acaee45482a9d291b4bcd90694a70",
                "SRR11140748.filter.tsv:md5,b85a3c0df9283fb244ccc93b4d9841be",
                "SRR11140744_withref.fa:md5,298d9a14a6f4071e9c04191ed9eeb5a5",
                "SRR11140748_withref.fa:md5,0f9e626223bc5cf1bbf015a349cac515",
                "SRR11140744.txt:md5,d1675fa13c18fa84a4840b9874a90eb4",
                "SRR11140748.txt:md5,fb5413c18e2aa6f7260a72cf62c09001",
                "SRR11140744_kaiju.tsv:md5,90aa1495d1980c6b26144b67f937f550",
                "SRR11140748_kaiju.tsv:md5,0cfca1f092fb4cdbcf43a1f2ad9c8c32",
                "SRR11140744_kraken2.kraken2.classifiedreads.txt:md5,1694bf21f80ad85d81b27c62e4f5853c",
                "SRR11140744_kraken2.kraken2.report.txt:md5,92e7fd4a0f550416f79f585df9766a88",
                "SRR11140748_kraken2.kraken2.classifiedreads.txt:md5,3e7765dd62d5f2ae18712e2f14f9c657",
                "SRR11140748_kraken2.kraken2.report.txt:md5,8f929a293c40ae160fc64d1ad4029d30",
                "SRR11140744.resolved.txt:md5,3dc4cdaeb4de72028c5d5e467d5e8983",
                "SRR11140748.resolved.txt:md5,2bdcf0bffc49036e0d535a1c4c498037",
                "SRR11140744_taxid2697049.fa:md5,d081da9af82a02ca03982794fc3c02fa",
                "SRR11140748_taxid2697049.fa:md5,5313d836d59852cbdfd1638a228037bc",
                "SRR11140744_BA2-CONSTRAINT_itvariant-calling.mpileup:md5,5e8383d81e1a9e63601369c5e45e42fd",
                "SRR11140744_BA2-CONSTRAINT_itvariant-calling.qual.txt:md5,621bb49a8d54cdcd3100e6de3332074c",
                "SRR11140744_BA24-CONSTRAINT_itvariant-calling.mpileup:md5,98786c45a734405e39baeac13d293853",
                "SRR11140744_BA24-CONSTRAINT_itvariant-calling.qual.txt:md5,4bd93c86c279cd89d199ebe58b0fdf91",
                "SRR11140744_MN908947-CONSTRAINT_itvariant-calling.mpileup:md5,5e8383d81e1a9e63601369c5e45e42fd",
                "SRR11140744_MN908947-CONSTRAINT_itvariant-calling.qual.txt:md5,621bb49a8d54cdcd3100e6de3332074c",
                "SRR11140748_BA24-CONSTRAINT_itvariant-calling.mpileup:md5,92f424cdda90e5e8266f8aa07db6fdd7",
                "SRR11140748_BA24-CONSTRAINT_itvariant-calling.qual.txt:md5,698b76f08dee0f70bb4eeeef1d59f90f",
                "SRR11140748_MN908947-CONSTRAINT_itvariant-calling.mpileup:md5,d726661870a359648b927719be301ea4",
                "SRR11140748_MN908947-CONSTRAINT_itvariant-calling.qual.txt:md5,4f17f9de21440422111b982b2cd08f54",
                "SRR11140744_BA2-CONSTRAINT.err:md5,be53ca88cbac4b86d8056643c7b72bab",
                "SRR11140744_BA2-CONSTRAINT.faa:md5,7a317edad9a9c8343f2d65ff6bb7c876",
                "SRR11140744_BA2-CONSTRAINT.ffn:md5,02dc460ab5d2d37f0693c1c0ea6d8284",
                "SRR11140744_BA2-CONSTRAINT.fna:md5,12366cc1454bf849ede6e62fc07664e3",
                "SRR11140744_BA2-CONSTRAINT.fsa:md5,b45f6451264e3dd5f940ded9e8000c12",
                "SRR11140744_BA2-CONSTRAINT.gbk:md5,e7bc7204f422dc2192436db3ed798a33",
                "SRR11140744_BA2-CONSTRAINT.gff:md5,41dfd3fd4b4deccb774873c801b06618",
                "SRR11140744_BA2-CONSTRAINT.log:md5,b57899b70aaf33cd6b85ce910cf995de",
                "SRR11140744_BA2-CONSTRAINT.sqn:md5,ea71dd8b2d522030d05cf966353a829d",
                "SRR11140744_BA2-CONSTRAINT.tbl:md5,5bb9dd6a81716951be837c0a73cabd68",
                "SRR11140744_BA2-CONSTRAINT.tsv:md5,5f7630f5ec752f974c05858286cc1f78",
                "SRR11140744_BA2-CONSTRAINT.txt:md5,95693f7032525ea4071f32176cd2ad8d",
                "SRR11140744_BA24-CONSTRAINT.err:md5,d4973a9c7aefbddc6430d00516f1e983",
                "SRR11140744_BA24-CONSTRAINT.faa:md5,ec4d7078c13c6888f4d321030458554a",
                "SRR11140744_BA24-CONSTRAINT.ffn:md5,39251135cb49445cfa8aee7ed3648d39",
                "SRR11140744_BA24-CONSTRAINT.fna:md5,0803c31e80793d8b47df945991aad917",
                "SRR11140744_BA24-CONSTRAINT.fsa:md5,1039c1764abfe596ade141d9ece66ae6",
                "SRR11140744_BA24-CONSTRAINT.gbk:md5,bbe933f1187c5eba75e7965f84769cf3",
                "SRR11140744_BA24-CONSTRAINT.gff:md5,1b0ed5c1f8fdcfbd373a870e540777f2",
                "SRR11140744_BA24-CONSTRAINT.log:md5,387bb31ea9ad204cd3682b7a975b34a7",
                "SRR11140744_BA24-CONSTRAINT.sqn:md5,360fd8d703e067a26f173e8b50661d35",
                "SRR11140744_BA24-CONSTRAINT.tbl:md5,4ac079adf15f16bc69d81c8e2aead954",
                "SRR11140744_BA24-CONSTRAINT.tsv:md5,57479d6a12d2dc36417f9bdfefad6d70",
                "SRR11140744_BA24-CONSTRAINT.txt:md5,b81c03a5521568d9b8173d4750f6a6c3",
                "SRR11140744_MN908947-CONSTRAINT.err:md5,8d369957095b44563102eb377bd7acb6",
                "SRR11140744_MN908947-CONSTRAINT.faa:md5,f4ec292d0e2e78c2dfc787dbab8bae16",
                "SRR11140744_MN908947-CONSTRAINT.ffn:md5,70a7fb47104aec033412abfddddee826",
                "SRR11140744_MN908947-CONSTRAINT.fna:md5,cb26c68e281e0fa0078400d6c7ccd628",
                "SRR11140744_MN908947-CONSTRAINT.fsa:md5,82e954660a098cb9038ef073bd599c3e",
                "SRR11140744_MN908947-CONSTRAINT.gbk:md5,7ee92436ae44cede7d7b8a4a83135409",
                "SRR11140744_MN908947-CONSTRAINT.gff:md5,39b9d0b8e427b25c57e513085f28034a",
                "SRR11140744_MN908947-CONSTRAINT.log:md5,71502f2b5b0fd772b8d26c9522178036",
                "SRR11140744_MN908947-CONSTRAINT.sqn:md5,a4df8a3df5f9350a03d287902cbfa80c",
                "SRR11140744_MN908947-CONSTRAINT.tbl:md5,3495cd8010b34942e8fca586e6c10404",
                "SRR11140744_MN908947-CONSTRAINT.tsv:md5,92f8a656a97092fdae4a60996d85f2bd",
                "SRR11140744_MN908947-CONSTRAINT.txt:md5,95693f7032525ea4071f32176cd2ad8d",
                "versions.yml:md5,df9ce05e7a14ea3217811d96a9918621",
                "SRR11140748_BA24-CONSTRAINT.err:md5,1ca570ce0f277c9002c17b3cf5195758",
                "SRR11140748_BA24-CONSTRAINT.faa:md5,701eacc7cc3cca79ae922b48548e107c",
                "SRR11140748_BA24-CONSTRAINT.ffn:md5,7e5bc8b1ea1d2f623d64718f2181dc30",
                "SRR11140748_BA24-CONSTRAINT.fna:md5,97391960fe42f383bae0b344a50d052e",
                "SRR11140748_BA24-CONSTRAINT.fsa:md5,4c9562549151286955b108dec2c48ac3",
                "SRR11140748_BA24-CONSTRAINT.gbk:md5,3502127dee979ff07250eee567e3b0a4",
                "SRR11140748_BA24-CONSTRAINT.gff:md5,40355bdfb619a5f05edc06ca66814514",
                "SRR11140748_BA24-CONSTRAINT.log:md5,b18fa2388e265902ae8eacbfb00710d5",
                "SRR11140748_BA24-CONSTRAINT.sqn:md5,832328570747d0f76fef6f4edb143bc3",
                "SRR11140748_BA24-CONSTRAINT.tbl:md5,3bebe0f364656550ef4fcd2ccdd5c653",
                "SRR11140748_BA24-CONSTRAINT.tsv:md5,6f80dedfafc2f9ded8dbbd7e0d415fd9",
                "SRR11140748_BA24-CONSTRAINT.txt:md5,264a7228e4674bd149309188e64ab552",
                "SRR11140748_MN908947-CONSTRAINT.err:md5,c6f257a2c0158d039e73d1013074d51a",
                "SRR11140748_MN908947-CONSTRAINT.faa:md5,f6135d668b8aae08fe3b04d432910c2b",
                "SRR11140748_MN908947-CONSTRAINT.ffn:md5,02814fb3aff49d9976e28fcf349218d3",
                "SRR11140748_MN908947-CONSTRAINT.fna:md5,10fa246d3983494581b5b76283abae53",
                "SRR11140748_MN908947-CONSTRAINT.fsa:md5,7ae5887a54ba3df9c82ae6fdbf257c54",
                "SRR11140748_MN908947-CONSTRAINT.gbk:md5,23038c948871c2b5fd9ee73931337e59",
                "SRR11140748_MN908947-CONSTRAINT.gff:md5,ebb064f02aae8b819571991c6c11969e",
                "SRR11140748_MN908947-CONSTRAINT.log:md5,6e13f1f8cdd9b93a06366db20eabee93",
                "SRR11140748_MN908947-CONSTRAINT.sqn:md5,c366857a0415d56e93c373b7a9d36cb3",
                "SRR11140748_MN908947-CONSTRAINT.tbl:md5,43ab70aeff15389aaf975a2b26b721e7",
                "SRR11140748_MN908947-CONSTRAINT.tsv:md5,c7519d94e3183c158fdd166901e0e0bc",
                "SRR11140748_MN908947-CONSTRAINT.txt:md5,bef9381119a336e779721baff36be941",
                "versions.yml:md5,df9ce05e7a14ea3217811d96a9918621",
                "SRR11140744_BA2-CONSTRAINT.tsv:md5,568fefc887abcba133e77c4f6440f247",
                "SRR11140744_BA24-CONSTRAINT.tsv:md5,37d74a48d51cf8188248449a3f97c2a3",
                "SRR11140744_MN908947-CONSTRAINT.tsv:md5,7c27b05ee36ba0e76fbb7876423e150d",
                "SRR11140748_BA24-CONSTRAINT.tsv:md5,5e4b91231ed7d41396085081e0eb7dbc",
                "SRR11140748_MN908947-CONSTRAINT.tsv:md5,59deb39463d853cb7bc44a0478fcba19",
                "SRR11140744_BA2-CONSTRAINT_itvariant-calling.consensus.fasta:md5,2d55cdae827509728998be3e8890328e",
                "SRR11140744_BA24-CONSTRAINT_itvariant-calling.consensus.fasta:md5,77338e6924dc45033a2762361c003fca",
                "SRR11140744_MN908947-CONSTRAINT_itvariant-calling.consensus.fasta:md5,7e581b8a99564532876c1c1cd26d2316",
                "SRR11140748_BA24-CONSTRAINT_itvariant-calling.consensus.fasta:md5,d7345d60c838368bccdcec9692069afe",
                "SRR11140748_MN908947-CONSTRAINT_itvariant-calling.consensus.fasta:md5,6d50c4319c8d1249688773856dd4824f",
                "annotation:md5,d7c032cd13f60e794623de8330b05962",
                "annotation.dbtype:md5,4352d88a78aa39750bf70cd6f27bcaa5",
                "annotation.index:md5,40866ef1c08d4e3e68a081740a5347f1",
                "annotation.lookup:md5,3a10a1c13f1ff6f59e01e5f28cd4bdfc",
                "annotation.source:md5,30dba670efc49923ee7cb58044995d23",
                "annotation_h:md5,27269f7498f2472d1f53daa6b5e573f3",
                "annotation_h.dbtype:md5,740bab4f9ec8808aedb68d6b1281aeb2",
                "annotation_h.index:md5,cb05f146d54c7316aa26ab61b25cff53",
                "hash.k2d:md5,70ab339db655fc2d8c08666c342d0f98",
                "opts.k2d:md5,6ae9046ccb038ac5ee3bad1677b59455",
                "taxo.k2d:md5,32e497fe6ed7a2dd9ab887e40b946c60",
                "._proteins.fmi:md5,78883d566607d79ecf909a11a89d2b4f",
                "names.dmp:md5,f55519f144345fcd6d0920981d04a281",
                "nodes.dmp:md5,c1450474c1e3b69bb7556037bf0a9184",
                "proteins.fmi:md5,c3f2a60a7510b035544e286f69e982f4",
                "database100mers.kmer_distrib:md5,872170e2d9e7c5650c81cea68159195e",
                "database150mers.kmer_distrib:md5,c201545704342dd3d6c3fde198736b16",
                "database200mers.kmer_distrib:md5,0b8e83439f740bba554f553d41210cd8",
                "database250mers.kmer_distrib:md5,0bd0c6b736d3f9d3d0e15b5134798cd8",
                "database300mers.kmer_distrib:md5,c3b5836151da3d34917acfbd1909a9c6",
                "database50mers.kmer_distrib:md5,84a5bbb1f4631a40d87eaee59ff4b2fc",
                "database75mers.kmer_distrib:md5,b5e63dd2b0d6de6eb2cf153e89b89720",
                "hash.k2d:md5,84765535d45dd757749acfa67ff4f057",
                "inspect.txt:md5,f8fae8f80808d8464020f0e4b3dfb265",
                "ktaxonomy.tsv:md5,ccb101aba6657e87e8fd3de11f8746c3",
                "opts.k2d:md5,43eb3be626a07a000b81d1e1d68cdf8c",
                "seqid2taxid.map:md5,0c3837f545dfb7b4a90735d09f5dcd17",
                "taxo.k2d:md5,95855aefe0c0ab2b3c26ef4bfffdbb37",
                "sarscov2.fasta.ndb:md5,3651bfc5d3aa2c8113c735a910328486",
                "sarscov2.fasta.nhr:md5,dc3d935f0d5bd826a578937feb248f2e",
                "sarscov2.fasta.nin:md5,f1ba1ed312c8c2bb08d7e9a21ab8d898",
                "sarscov2.fasta.njs:md5,735e92f6b92a7bb3ffadc0f29dcbc471",
                "sarscov2.fasta.not:md5,13c39b7687f648c6a450e4cfb4ec3b19",
                "sarscov2.fasta.nsq:md5,8087856364052928a9aade3da3957898",
                "sarscov2.fasta.ntf:md5,de1250813f0c7affc6d12dac9d0fb6bb",
                "sarscov2.fasta.nto:md5,fcd97dbaadf1276c01b8adf6c28e3453",
                "virosaurus90_vertebrate-20200330.fas:md5,abe1186a970438092780cf3ba10ad8e9",
                "SRR11140744.fastp.log:md5,21d374f99e3cc975055e2bf741330a92",
                "SRR11140748.fastp.log:md5,60c46a86dafc656a87744f33b6f5b1ab",
                "empty-SRR.fastp.log:md5,eda97deaed2f5cb4641be19d06f89e3b",
                "SRR11140744.fastp.html:md5,1d6ecf971797e6f3884a2bc024ba7c32",
                "SRR11140744.fastp.json:md5,2fdf5a6992451ffb6401eaf99a69454f",
                "SRR11140748.fastp.html:md5,2bb15a951e46db946a6ad5a6dfd1aed8",
                "SRR11140748.fastp.json:md5,9ac79b890cfbe3701faf3bfdd6221e66",
                "empty-SRR.fastp.html:md5,93ddc8da216bd02794db4f86ada91dca",
                "empty-SRR.fastp.json:md5,5711530fff84bca80d1dd1e565196d2e",
                "SRR11140744_host_1_fastqc.html:md5,4211c48587c1b7d73a2426962c399467",
                "SRR11140744_host_1_fastqc.zip:md5,1cdf300c97d1c9d087dc9d7bc77c8f26",
                "SRR11140744_host_2_fastqc.html:md5,8b8d2f75d3475775a6ffd05ea2e961b3",
                "SRR11140744_host_2_fastqc.zip:md5,089062bfe4396ff9e70ddd24a6bbd67a",
                "SRR11140748_host_1_fastqc.html:md5,af2fe721fc90d134260b33c52957916c",
                "SRR11140748_host_1_fastqc.zip:md5,f7f6c5e401ae26d5ec5d5d57cd012476",
                "SRR11140748_host_2_fastqc.html:md5,dd0044002c758d620177fbd9c12a5180",
                "SRR11140748_host_2_fastqc.zip:md5,dea5333b309983a1e2b476bf71d7e1d0",
                "SRR11140744_raw_1_fastqc.html:md5,fe4c72b01e67af4c3e83bedb672e765a",
                "SRR11140744_raw_1_fastqc.zip:md5,739894ba982c57ffb464579319da59dd",
                "SRR11140744_raw_2_fastqc.html:md5,a707fda8364154b3cc890033b134f4a5",
                "SRR11140744_raw_2_fastqc.zip:md5,2fba144d43817aba554f57ec873ab66e",
                "SRR11140748_raw_1_fastqc.html:md5,0724041b3b5b5b95e9d3b5569a8549da",
                "SRR11140748_raw_1_fastqc.zip:md5,097227053f1bc21af660714bff06fb69",
                "SRR11140748_raw_2_fastqc.html:md5,ad5cfe0dfb3d96736d16e6562ea3c132",
                "SRR11140748_raw_2_fastqc.zip:md5,bcad289aae2b46147b1fb74446760943",
                "empty-SRR_raw_1_fastqc.html:md5,29c1787f39e82b39c044b296a652f0fb",
                "empty-SRR_raw_1_fastqc.zip:md5,f2c375564ab0f104e0c141775e7a3e56",
                "empty-SRR_raw_2_fastqc.html:md5,dc400e4c1b4b6576166a75582158ab63",
                "empty-SRR_raw_2_fastqc.zip:md5,0aca1cd39bf3b5c8b1b3cad6a52b3353",
                "SRR11140744_trim_1_fastqc.html:md5,84e377d7f702dd2dbde9baffc05806a3",
                "SRR11140744_trim_1_fastqc.zip:md5,4d85b341b7c95d3487299ab643334980",
                "SRR11140744_trim_2_fastqc.html:md5,46ffd54aff1dec29ac1d896d71c3e754",
                "SRR11140744_trim_2_fastqc.zip:md5,76c99d194724a5fe5d8660a16fa98a66",
                "SRR11140748_trim_1_fastqc.html:md5,6ac9995cc32377cf751b742fc8eface3",
                "SRR11140748_trim_1_fastqc.zip:md5,21da02225cbe8c78c96b4c8a877c8bb8",
                "SRR11140748_trim_2_fastqc.html:md5,03c172ee9a83eed50d5afacfa15c27cf",
                "SRR11140748_trim_2_fastqc.zip:md5,af4b032420ccbbc46a5ea78e98fc3c1e",
                "SRR11140744_kraken2_host.kraken2.report.txt:md5,8af6d6b36473056da22d0a01e65a468a",
                "SRR11140744_kraken2_host.unclassified_1.fastq.gz:md5,cd265befd3200498f030f127f32bc75d",
                "SRR11140744_kraken2_host.unclassified_2.fastq.gz:md5,8b09ef3bae63c2c440f8aae79f05629c",
                "SRR11140748_kraken2_host.kraken2.report.txt:md5,dcb606266fa1e1b47b4ef5d275159490",
                "SRR11140748_kraken2_host.unclassified_1.fastq.gz:md5,eee72b1153677b0d8f896af267ae77fd",
                "SRR11140748_kraken2_host.unclassified_2.fastq.gz:md5,1c3b4013b6257259be37219dbad22d54",
                "SRR11140744.log:md5,d41d8cd98f00b204e9800998ecf8427e",
                "SRR11140748.log:md5,d41d8cd98f00b204e9800998ecf8427e",
                "SRR11140744_BA2-CONSTRAINT.ann.vcf:md5,41ee85d8cc2818c3e097ab3d610c334b",
                "SRR11140744_MN908947-CONSTRAINT.ann.vcf:md5,e6b823f1eb6f758ea1b70ff3186a8d1b",
                "SRR11140748_MN908947-CONSTRAINT.ann.vcf:md5,ea3002757cbf3e6876d256798ec02c03",
                "SRR11140744_BA2-CONSTRAINT_constraint.bcftools_stats.txt:md5,83658884e067b3466633b6af4ce14074",
                "SRR11140744_BA2-CONSTRAINT_constraint.filtered.vcf.gz:md5,0042a335211cda2e8685acf6093d6f0f",
                "SRR11140744_BA2-CONSTRAINT_constraint.mpileup:md5,c231358925d6aaa59c011e9f1a51f12a",
                "SRR11140744_BA2-CONSTRAINT_constraint.sort.vcf.gz.tbi:md5,a296397ec6da184c1d55beb04a7ba3ad",
                "SRR11140744_BA2-CONSTRAINT_constraint.tsv:md5,4f32aa4087a571293d77b0a8d2f10c35",
                "SRR11140744_BA2-CONSTRAINT_constraint.variant_counts.log:md5,36ebb390767557a21ebf39d6fa979fda",
                "SRR11140744_BA2-CONSTRAINT_constraint.vcf:md5,2c228fe29cd607ad70c0422d52192db2",
                "SRR11140744_BA24-CONSTRAINT_constraint.mpileup:md5,8c2f696439defe785878dc0da49f508c",
                "SRR11140744_BA24-CONSTRAINT_constraint.sort.vcf.gz.tbi:md5,240312c02cab0e21f3c54a4c0f1cb343",
                "SRR11140744_BA24-CONSTRAINT_constraint.tsv:md5,088819b4b628ecb2d53512fbf9d44ac0",
                "SRR11140744_BA24-CONSTRAINT_constraint.variant_counts.log:md5,fd586a2ddf29ccd5a5a1fac1c05f75af",
                "SRR11140744_BA24-CONSTRAINT_constraint.vcf:md5,67fcbe1dfd176d4f61ffc882998021da",
                "SRR11140744_MN908947-CONSTRAINT_constraint.bcftools_stats.txt:md5,fba707fe27e34e96079af34cc35ad58f",
                "SRR11140744_MN908947-CONSTRAINT_constraint.filtered.vcf.gz:md5,12747014dd06bebfead33eee80e3156a",
                "SRR11140744_MN908947-CONSTRAINT_constraint.mpileup:md5,c231358925d6aaa59c011e9f1a51f12a",
                "SRR11140744_MN908947-CONSTRAINT_constraint.sort.vcf.gz.tbi:md5,a296397ec6da184c1d55beb04a7ba3ad",
                "SRR11140744_MN908947-CONSTRAINT_constraint.tsv:md5,4f32aa4087a571293d77b0a8d2f10c35",
                "SRR11140744_MN908947-CONSTRAINT_constraint.variant_counts.log:md5,191709b2db225e4b8eb8dec14ffcd8e7",
                "SRR11140744_MN908947-CONSTRAINT_constraint.vcf:md5,95111ff519192cda8bf166e465b5d4c8",
                "SRR11140748_BA24-CONSTRAINT_constraint.mpileup:md5,0a6891969c3a1643bb411d2e80b8fae0",
                "SRR11140748_BA24-CONSTRAINT_constraint.sort.vcf.gz.tbi:md5,ae1253f33836eb618aa339cb4c47e8f7",
                "SRR11140748_BA24-CONSTRAINT_constraint.tsv:md5,4c8527951ce9f7629cdf05daafee78c2",
                "SRR11140748_BA24-CONSTRAINT_constraint.variant_counts.log:md5,08eab8760754dffaaab457720f835047",
                "SRR11140748_BA24-CONSTRAINT_constraint.vcf:md5,4c02f5ecdba68b1b0293743eb68ce784",
                "SRR11140748_MN908947-CONSTRAINT_constraint.bcftools_stats.txt:md5,868cfd7024d0d901e5b3e54f54565050",
                "SRR11140748_MN908947-CONSTRAINT_constraint.filtered.vcf.gz:md5,e127bdf9fd49bfed89fdceb078fe5d1c",
                "SRR11140748_MN908947-CONSTRAINT_constraint.mpileup:md5,77fdd6d945c41cc96c0318171de2b1e5",
                "SRR11140748_MN908947-CONSTRAINT_constraint.sort.vcf.gz.tbi:md5,940666bc99aa7743211161a682395fc2",
                "SRR11140748_MN908947-CONSTRAINT_constraint.tsv:md5,44352abcc8968d569f477f8982a17a82",
                "SRR11140748_MN908947-CONSTRAINT_constraint.variant_counts.log:md5,07ac9450da40a151877866c278aee93b",
                "SRR11140748_MN908947-CONSTRAINT_constraint.vcf:md5,184aaeabe5c3314bd029482ae189d81f",
                "SRR11140744_BA2-CONSTRAINT_constraint.bam:md5,7b3238efa7af82588523fad6a4facff0",
                "SRR11140744_BA24-CONSTRAINT_constraint.bam:md5,6039b7e17d961d8c2ebf2106cdb54216",
                "SRR11140744_MN908947-CONSTRAINT_constraint.bam:md5,30ecd5586010dbe6ba105ef454b8592c",
                "SRR11140748_BA24-CONSTRAINT_constraint.bam:md5,26b4d95df5dc7bb9e481f8cbac472ce6",
                "SRR11140748_MN908947-CONSTRAINT_constraint.bam:md5,5ad0b4103a0ea93490d5daa998ecc2de",
                "SRR11140744_BA2-CONSTRAINT_constraint.0123:md5,d91759ed4966eeb3a8b8f90294733275",
                "SRR11140744_BA2-CONSTRAINT_constraint.amb:md5,80f653e5d4e35ada77d0a10eb91e4d2d",
                "SRR11140744_BA2-CONSTRAINT_constraint.ann:md5,0ac5deceb401137cb566f772846cfda9",
                "SRR11140744_BA2-CONSTRAINT_constraint.bwt.2bit.64:md5,344794f03d3af154f563998447197e68",
                "SRR11140744_BA2-CONSTRAINT_constraint.pac:md5,f631387e31f59214b85a8a80f63155f6",
                "SRR11140744_BA24-CONSTRAINT_constraint.0123:md5,60fb3b1463951a4f30309f4d20a23716",
                "SRR11140744_BA24-CONSTRAINT_constraint.amb:md5,470d69814d09651bead1b9ff01efe1ad",
                "SRR11140744_BA24-CONSTRAINT_constraint.ann:md5,9bb9c9e039c6915681103e01a08bd686",
                "SRR11140744_BA24-CONSTRAINT_constraint.bwt.2bit.64:md5,82d227f60a52cc61028a60a7fc647306",
                "SRR11140744_BA24-CONSTRAINT_constraint.pac:md5,5242f07e0f857e382ab8114f7ee99683",
                "SRR11140744_MN908947-CONSTRAINT_constraint.0123:md5,d91759ed4966eeb3a8b8f90294733275",
                "SRR11140744_MN908947-CONSTRAINT_constraint.amb:md5,80f653e5d4e35ada77d0a10eb91e4d2d",
                "SRR11140744_MN908947-CONSTRAINT_constraint.ann:md5,0ac5deceb401137cb566f772846cfda9",
                "SRR11140744_MN908947-CONSTRAINT_constraint.bwt.2bit.64:md5,344794f03d3af154f563998447197e68",
                "SRR11140744_MN908947-CONSTRAINT_constraint.pac:md5,f631387e31f59214b85a8a80f63155f6",
                "SRR11140748_BA24-CONSTRAINT_constraint.0123:md5,60fb3b1463951a4f30309f4d20a23716",
                "SRR11140748_BA24-CONSTRAINT_constraint.amb:md5,470d69814d09651bead1b9ff01efe1ad",
                "SRR11140748_BA24-CONSTRAINT_constraint.ann:md5,9bb9c9e039c6915681103e01a08bd686",
                "SRR11140748_BA24-CONSTRAINT_constraint.bwt.2bit.64:md5,82d227f60a52cc61028a60a7fc647306",
                "SRR11140748_BA24-CONSTRAINT_constraint.pac:md5,5242f07e0f857e382ab8114f7ee99683",
                "SRR11140748_MN908947-CONSTRAINT_constraint.0123:md5,d91759ed4966eeb3a8b8f90294733275",
                "SRR11140748_MN908947-CONSTRAINT_constraint.amb:md5,80f653e5d4e35ada77d0a10eb91e4d2d",
                "SRR11140748_MN908947-CONSTRAINT_constraint.ann:md5,0ac5deceb401137cb566f772846cfda9",
                "SRR11140748_MN908947-CONSTRAINT_constraint.bwt.2bit.64:md5,344794f03d3af154f563998447197e68",
                "SRR11140748_MN908947-CONSTRAINT_constraint.pac:md5,f631387e31f59214b85a8a80f63155f6",
                "SRR11140744_BA2-CONSTRAINT_constraint.vcf.tsv:md5,fe328dccc95c1185e006c379d7570a29",
                "SRR11140744_BA24-CONSTRAINT_constraint.vcf.tsv:md5,5b498aa052b0abc806c2aa1a25f2c595",
                "SRR11140744_MN908947-CONSTRAINT_constraint.vcf.tsv:md5,fe328dccc95c1185e006c379d7570a29",
                "SRR11140748_BA24-CONSTRAINT_constraint.vcf.tsv:md5,c67bedf6e74f61dbc456f05dba6a8519",
                "SRR11140748_MN908947-CONSTRAINT_constraint.vcf.tsv:md5,edea930a45ded78f36d86e523a4a16d7",
                "SRR11140744_BA2-CONSTRAINT_constraint.bam.bai:md5,54ba606589c401c8c6f636bc872c4e10",
                "SRR11140744_BA24-CONSTRAINT_constraint.bam.bai:md5,078e0ac811d14447c6791f7d07f419d4",
                "SRR11140744_MN908947-CONSTRAINT_constraint.bam.bai:md5,b2da668db4a2645689eb3b3665016a51",
                "SRR11140748_BA24-CONSTRAINT_constraint.bam.bai:md5,484de8d397a2a4e5dc3ee6a1813d5fdf",
                "SRR11140748_MN908947-CONSTRAINT_constraint.bam.bai:md5,374a6fd60798df0a6f51e0cad35029b7",
                "SRR11140744_BA24-CONSTRAINT.screen:md5,b5851856a81b4a0171dfb793c4a3d1c3",
                "SRR11140748_BA24-CONSTRAINT.screen:md5,dd05f6a6d46667087ebcbf27b23a9f2b",
                "SRR11140744_BA24-CONSTRAINT.json:md5,15c75f24a74a75ac81a9276698b606c1",
                "SRR11140748_BA24-CONSTRAINT.json:md5,8f2bd7a8417ac023eecdaa0ec64bb2ad",
                "SRR11140744_BA24-CONSTRAINT.msh:md5,3477c29d51b457d34c9f327b35299789",
                "SRR11140748_BA24-CONSTRAINT.msh:md5,3477c29d51b457d34c9f327b35299789",
                "SRR11140744_BA2-CONSTRAINT_constraint.flagstat:md5,9f679367ab1949e45ae696f3daf2c775",
                "SRR11140744_BA24-CONSTRAINT_constraint.flagstat:md5,9f679367ab1949e45ae696f3daf2c775",
                "SRR11140744_MN908947-CONSTRAINT_constraint.flagstat:md5,9f679367ab1949e45ae696f3daf2c775",
                "SRR11140748_BA24-CONSTRAINT_constraint.flagstat:md5,a4e895152590e8b80d693cf4ea5d3800",
                "SRR11140748_MN908947-CONSTRAINT_constraint.flagstat:md5,37d86c868543c39a0cdc980c15220302",
                "SRR11140744_BA2-CONSTRAINT_constraint.idxstats:md5,6bc7808d089224b3e7aa66a17a16041b",
                "SRR11140744_BA24-CONSTRAINT_constraint.idxstats:md5,551ff24c93113558b00ee12f23a18383",
                "SRR11140744_MN908947-CONSTRAINT_constraint.idxstats:md5,6bc7808d089224b3e7aa66a17a16041b",
                "SRR11140748_BA24-CONSTRAINT_constraint.idxstats:md5,3c36ecc5ed2dd7dfa75ff22ed0e3ef63",
                "SRR11140748_MN908947-CONSTRAINT_constraint.idxstats:md5,0ca35addff63ceeffad53378304c8092",
                "SRR11140744_BA2-CONSTRAINT_constraint.mosdepth.global.dist.txt:md5,326114b76e830123e3b9a59a02a81d0a",
                "SRR11140744_BA2-CONSTRAINT_constraint.mosdepth.summary.txt:md5,a7de81f8e13988264d158e635429daeb",
                "SRR11140744_BA2-CONSTRAINT_constraint.per-base.bed.gz:md5,cc2b338dea7ad3f8ad0ffab0f9bc7323",
                "SRR11140744_BA2-CONSTRAINT_constraint.per-base.bed.gz.csi:md5,6fc462d7612f5d377ed88f5848e957a3",
                "SRR11140744_BA24-CONSTRAINT_constraint.mosdepth.global.dist.txt:md5,7ffcde2144e6caff0c742d65ad2671f6",
                "SRR11140744_BA24-CONSTRAINT_constraint.mosdepth.summary.txt:md5,188c5e84f9753eb727b4894712d285b0",
                "SRR11140744_BA24-CONSTRAINT_constraint.per-base.bed.gz:md5,656f81da39dd0675a1dc396887b19752",
                "SRR11140744_BA24-CONSTRAINT_constraint.per-base.bed.gz.csi:md5,f8733923ffb83094a29102ad56359b5b",
                "SRR11140744_MN908947-CONSTRAINT_constraint.mosdepth.global.dist.txt:md5,326114b76e830123e3b9a59a02a81d0a",
                "SRR11140744_MN908947-CONSTRAINT_constraint.mosdepth.summary.txt:md5,a7de81f8e13988264d158e635429daeb",
                "SRR11140744_MN908947-CONSTRAINT_constraint.per-base.bed.gz:md5,cc2b338dea7ad3f8ad0ffab0f9bc7323",
                "SRR11140744_MN908947-CONSTRAINT_constraint.per-base.bed.gz.csi:md5,6fc462d7612f5d377ed88f5848e957a3",
                "SRR11140748_BA24-CONSTRAINT_constraint.mosdepth.global.dist.txt:md5,3585917efc3e71af542d456715dac092",
                "SRR11140748_BA24-CONSTRAINT_constraint.mosdepth.summary.txt:md5,86d7d6b51cca551333905c98fb894af8",
                "SRR11140748_BA24-CONSTRAINT_constraint.per-base.bed.gz:md5,3a5a10e9ac62d927daf217351600161c",
                "SRR11140748_BA24-CONSTRAINT_constraint.per-base.bed.gz.csi:md5,0185ca9e5ceeea5e5c172bdc97212346",
                "SRR11140748_MN908947-CONSTRAINT_constraint.mosdepth.global.dist.txt:md5,1a73a01bfa41eef27204e237974ded75",
                "SRR11140748_MN908947-CONSTRAINT_constraint.mosdepth.summary.txt:md5,393f5a00a2b6cf3e3d39b75751a40f0f",
                "SRR11140748_MN908947-CONSTRAINT_constraint.per-base.bed.gz:md5,fb48ede2901fc7c333d9a02fdb3bfbac",
                "SRR11140748_MN908947-CONSTRAINT_constraint.per-base.bed.gz.csi:md5,d6ce53d7e1df2001d09f47ab372956b5",
                "SRR11140744_BA2-CONSTRAINT_constraint.CollectMultipleMetrics.alignment_summary_metrics:md5,29ddbfc6da30f30810201c8caa2af1e1",
                "SRR11140744_BA2-CONSTRAINT_constraint.CollectMultipleMetrics.base_distribution_by_cycle.pdf:md5,a70e765d8429d7e64e71c3453b15510a",
                "SRR11140744_BA2-CONSTRAINT_constraint.CollectMultipleMetrics.base_distribution_by_cycle_metrics:md5,78b31579adcda5658830e193173917f5",
                "SRR11140744_BA2-CONSTRAINT_constraint.CollectMultipleMetrics.insert_size_histogram.pdf:md5,ad74662510cf7d1710d26bc9e7347d3d",
                "SRR11140744_BA2-CONSTRAINT_constraint.CollectMultipleMetrics.insert_size_metrics:md5,45558397ffdf766d9c697c3d3834cf07",
                "SRR11140744_BA2-CONSTRAINT_constraint.CollectMultipleMetrics.quality_by_cycle.pdf:md5,7e4dba2f1f6a240a5756ac8e52d80705",
                "SRR11140744_BA2-CONSTRAINT_constraint.CollectMultipleMetrics.quality_by_cycle_metrics:md5,b4eb399a9198e44e0b2c16f0dfa98b77",
                "SRR11140744_BA2-CONSTRAINT_constraint.CollectMultipleMetrics.quality_distribution.pdf:md5,7d4903059bf346cbbb892f0ec7b199fd",
                "SRR11140744_BA2-CONSTRAINT_constraint.CollectMultipleMetrics.quality_distribution_metrics:md5,6589d7f341bce00fba5c9a01c9c0afda",
                "SRR11140744_BA2-CONSTRAINT_constraint.CollectMultipleMetrics.read_length_histogram.pdf:md5,6ab8289d87513f26d85036a76f49376c",
                "SRR11140744_BA24-CONSTRAINT_constraint.CollectMultipleMetrics.alignment_summary_metrics:md5,01a30a9a5ce9132d2dafbb6307a634aa",
                "SRR11140744_BA24-CONSTRAINT_constraint.CollectMultipleMetrics.base_distribution_by_cycle.pdf:md5,33ab302d4aff8ca68669ece7f5ca9924",
                "SRR11140744_BA24-CONSTRAINT_constraint.CollectMultipleMetrics.base_distribution_by_cycle_metrics:md5,f3c8102c86b87cf14e720946b46e4403",
                "SRR11140744_BA24-CONSTRAINT_constraint.CollectMultipleMetrics.insert_size_histogram.pdf:md5,43a749664e7afc87f4742565f96e8234",
                "SRR11140744_BA24-CONSTRAINT_constraint.CollectMultipleMetrics.insert_size_metrics:md5,dd957f865833c96350fcb617cdcf3725",
                "SRR11140744_BA24-CONSTRAINT_constraint.CollectMultipleMetrics.quality_by_cycle.pdf:md5,470a46db9a09160ea0e962b312f0d594",
                "SRR11140744_BA24-CONSTRAINT_constraint.CollectMultipleMetrics.quality_by_cycle_metrics:md5,fb5d380a5d5714a61ccb43750a3e812f",
                "SRR11140744_BA24-CONSTRAINT_constraint.CollectMultipleMetrics.quality_distribution.pdf:md5,005dcd0f31e4e052356de21b058e4e31",
                "SRR11140744_BA24-CONSTRAINT_constraint.CollectMultipleMetrics.quality_distribution_metrics:md5,6f8432ad1560ccc8664c05ed71d3167b",
                "SRR11140744_BA24-CONSTRAINT_constraint.CollectMultipleMetrics.read_length_histogram.pdf:md5,04b2d8c7610a3022e9b347789d7087e2",
                "SRR11140744_MN908947-CONSTRAINT_constraint.CollectMultipleMetrics.alignment_summary_metrics:md5,77343c9a99514f275c9d4f199dd54a14",
                "SRR11140744_MN908947-CONSTRAINT_constraint.CollectMultipleMetrics.base_distribution_by_cycle.pdf:md5,872f58d667e19c3626da721bfa5f4c61",
                "SRR11140744_MN908947-CONSTRAINT_constraint.CollectMultipleMetrics.base_distribution_by_cycle_metrics:md5,20cbfb754147865730fe96101f41f912",
                "SRR11140744_MN908947-CONSTRAINT_constraint.CollectMultipleMetrics.insert_size_histogram.pdf:md5,0a3e9b99709800987f5e221151638aae",
                "SRR11140744_MN908947-CONSTRAINT_constraint.CollectMultipleMetrics.insert_size_metrics:md5,cc1fedf0c6462061f4b096257ac1d3f4",
                "SRR11140744_MN908947-CONSTRAINT_constraint.CollectMultipleMetrics.quality_by_cycle.pdf:md5,6ee538fb1865829edfcdfd7a896fef7d",
                "SRR11140744_MN908947-CONSTRAINT_constraint.CollectMultipleMetrics.quality_by_cycle_metrics:md5,ada65f22d18aeba970f4380f3b483e86",
                "SRR11140744_MN908947-CONSTRAINT_constraint.CollectMultipleMetrics.quality_distribution.pdf:md5,29d51efb4cf346ec16954101bf6c8200",
                "SRR11140744_MN908947-CONSTRAINT_constraint.CollectMultipleMetrics.quality_distribution_metrics:md5,a9b4ebbd3ea8c9d83f92eb18d2f51918",
                "SRR11140744_MN908947-CONSTRAINT_constraint.CollectMultipleMetrics.read_length_histogram.pdf:md5,5ffa8f6a031b3a6795c4c419c25dbb45",
                "SRR11140748_BA24-CONSTRAINT_constraint.CollectMultipleMetrics.alignment_summary_metrics:md5,ebfa669ba5feeaf29b45afafaff274ca",
                "SRR11140748_BA24-CONSTRAINT_constraint.CollectMultipleMetrics.base_distribution_by_cycle.pdf:md5,2fd60357153d8d5c32fe958929fc8fd6",
                "SRR11140748_BA24-CONSTRAINT_constraint.CollectMultipleMetrics.base_distribution_by_cycle_metrics:md5,67459692a9fe2e3dc5cdf8d0862a763c",
                "SRR11140748_BA24-CONSTRAINT_constraint.CollectMultipleMetrics.insert_size_histogram.pdf:md5,ba193a74a26674ea648693093c752d76",
                "SRR11140748_BA24-CONSTRAINT_constraint.CollectMultipleMetrics.insert_size_metrics:md5,02e146a2e7498e1879469cd6bcc48250",
                "SRR11140748_BA24-CONSTRAINT_constraint.CollectMultipleMetrics.quality_by_cycle.pdf:md5,f494355f8a83e29d2532c9ba609e704e",
                "SRR11140748_BA24-CONSTRAINT_constraint.CollectMultipleMetrics.quality_by_cycle_metrics:md5,cafc016f6552e1d6717f5fbf4de3a310",
                "SRR11140748_BA24-CONSTRAINT_constraint.CollectMultipleMetrics.quality_distribution.pdf:md5,81f2b96afbc73a8990e210e9d4b5bb21",
                "SRR11140748_BA24-CONSTRAINT_constraint.CollectMultipleMetrics.quality_distribution_metrics:md5,a8ad04a4d5cb6363c0eef8d39e645288",
                "SRR11140748_BA24-CONSTRAINT_constraint.CollectMultipleMetrics.read_length_histogram.pdf:md5,2619435e845d03fa5d78d6b0b47d0b72",
                "SRR11140748_MN908947-CONSTRAINT_constraint.CollectMultipleMetrics.alignment_summary_metrics:md5,0fcf07d3d2069ed2eea9cb87a84e7821",
                "SRR11140748_MN908947-CONSTRAINT_constraint.CollectMultipleMetrics.base_distribution_by_cycle.pdf:md5,9dafcd97e025d622af7d5b493b557075",
                "SRR11140748_MN908947-CONSTRAINT_constraint.CollectMultipleMetrics.base_distribution_by_cycle_metrics:md5,d3b8b7d077bfaa161e048baed94d192b",
                "SRR11140748_MN908947-CONSTRAINT_constraint.CollectMultipleMetrics.insert_size_histogram.pdf:md5,0a47caff469d416d7bba0a03395f5494",
                "SRR11140748_MN908947-CONSTRAINT_constraint.CollectMultipleMetrics.insert_size_metrics:md5,4a81dddb92092d79979d95f325aa1d83",
                "SRR11140748_MN908947-CONSTRAINT_constraint.CollectMultipleMetrics.quality_by_cycle.pdf:md5,362c746bbde86182bd8d372c7b7c89bd",
                "SRR11140748_MN908947-CONSTRAINT_constraint.CollectMultipleMetrics.quality_by_cycle_metrics:md5,a4ca1a90faf73adf9373801041a3ec42",
                "SRR11140748_MN908947-CONSTRAINT_constraint.CollectMultipleMetrics.quality_distribution.pdf:md5,fd7a833ceac16f603b06aaf83932b857",
                "SRR11140748_MN908947-CONSTRAINT_constraint.CollectMultipleMetrics.quality_distribution_metrics:md5,c2a1d2ee05d407b798bfb562794755ac",
                "SRR11140748_MN908947-CONSTRAINT_constraint.CollectMultipleMetrics.read_length_histogram.pdf:md5,b3453190d08ff2622301c48fd512f7ad",
                "SRR11140744_BA2-CONSTRAINT_constraint.stats:md5,73066027b613783042fe8d2f730bf2e5",
                "SRR11140744_BA24-CONSTRAINT_constraint.stats:md5,b4917c1a2e8f9fc7505eb50582dadeaf",
                "SRR11140744_MN908947-CONSTRAINT_constraint.stats:md5,87c3b0679840145c7da2cdd0d33456f0",
                "SRR11140748_BA24-CONSTRAINT_constraint.stats:md5,ca39456a9cdfe183c1a49d4333010032",
                "SRR11140748_MN908947-CONSTRAINT_constraint.stats:md5,7dfc9da21642e930d75142238fb88f15"
            ]
        ],
        "meta": {
            "nf-test": "0.9.2",
            "nextflow": "25.04.3"
        },
        "timestamp": "2025-06-12T10:11:44.515514184"
    }
}