{
    "-profile test": {
        "content": [
            149,
            {
                "BLASTN_QC": {
                    "blast": "2.16.0+"
                },
                "BLAST_MAKEBLASTDB": {
                    "blast": "2.16.0+"
                },
                "CAT_CAT_READS": {
                    "pigz": "2.3.4"
                },
                "FASTP": {
                    "fastp": "0.24.0"
                },
                "FASTQC_HOST": {
                    "fastqc": "0.12.1"
                },
                "FASTQC_RAW": {
                    "fastqc": "0.12.1"
                },
                "FASTQC_TRIM": {
                    "fastqc": "0.12.1"
                },
                "GUNZIP_DB": {
                    "gunzip": 1.13
                },
                "KRAKEN2_HOST_REMOVE": {
                    "kraken2": "2.1.5",
                    "pigz": 2.8
                },
                "MASH_SCREEN": {
                    "mash": 2.3
                },
                "MASH_SKETCH": {
                    "mash": 2.3
                },
                "MMSEQS_CREATEANNOTATIONDB": {
                    "mmseqs": "17.b804f"
                },
                "MMSEQS_EASYSEARCH": {
                    "mmseqs": "17.b804f"
                },
                "PRINSEQ_READS": {
                    "prinseqplusplus": 1.2
                },
                "PROKKA": {
                    "prokka": "1.14.6"
                },
                "QUAST_QC": {
                    "quast": "5.3.0"
                },
                "SELECT_REFERENCE": {
                    "python": "3.9.21",
                    "pandas": "2.2.3",
                    "biopython": 1.85
                },
                "SNPEFF_BUILD": {
                    "snpeff": "5.0e"
                },
                "SNPEFF_SNPEFF": {
                    "snpeff": "5.1d"
                },
                "SNPSIFT_EXTRACTFIELDS": {
                    "snpsift": 4.3
                },
                "UNTAR_DB": {
                    "untar": 1.34
                },
                "Workflow": {
                    "nf-core/viralmetagenome": "v0.1.3dev"
                }
            },
            [
                "consensus",
                "consensus/mask",
                "consensus/mask/constraint",
                "consensus/mask/constraint/SRR11140744",
                "consensus/mask/constraint/SRR11140744/SRR11140744_BA2-CONSTRAINT_itvariant-calling.mpileup",
                "consensus/mask/constraint/SRR11140744/SRR11140744_BA2-CONSTRAINT_itvariant-calling.qual.txt",
                "consensus/mask/constraint/SRR11140744/SRR11140744_BA24-CONSTRAINT_itvariant-calling.mpileup",
                "consensus/mask/constraint/SRR11140744/SRR11140744_BA24-CONSTRAINT_itvariant-calling.qual.txt",
                "consensus/mask/constraint/SRR11140744/SRR11140744_MN908947-CONSTRAINT_itvariant-calling.mpileup",
                "consensus/mask/constraint/SRR11140744/SRR11140744_MN908947-CONSTRAINT_itvariant-calling.qual.txt",
                "consensus/mask/constraint/SRR11140748",
                "consensus/mask/constraint/SRR11140748/SRR11140748_BA24-CONSTRAINT_itvariant-calling.mpileup",
                "consensus/mask/constraint/SRR11140748/SRR11140748_BA24-CONSTRAINT_itvariant-calling.qual.txt",
                "consensus/mask/constraint/SRR11140748/SRR11140748_MN908947-CONSTRAINT_itvariant-calling.mpileup",
                "consensus/mask/constraint/SRR11140748/SRR11140748_MN908947-CONSTRAINT_itvariant-calling.qual.txt",
                "consensus/quality_control",
                "consensus/quality_control/blast",
                "consensus/quality_control/blast/all_genomes.txt",
                "consensus/quality_control/mmseqs-search",
                "consensus/quality_control/mmseqs-search/all_genomes.tsv",
                "consensus/quality_control/prokka",
                "consensus/quality_control/prokka/SRR11140744",
                "consensus/quality_control/prokka/SRR11140744/constraint",
                "consensus/quality_control/prokka/SRR11140744/constraint/SRR11140744_BA2-CONSTRAINT",
                "consensus/quality_control/prokka/SRR11140744/constraint/SRR11140744_BA2-CONSTRAINT/SRR11140744_BA2-CONSTRAINT.err",
                "consensus/quality_control/prokka/SRR11140744/constraint/SRR11140744_BA2-CONSTRAINT/SRR11140744_BA2-CONSTRAINT.faa",
                "consensus/quality_control/prokka/SRR11140744/constraint/SRR11140744_BA2-CONSTRAINT/SRR11140744_BA2-CONSTRAINT.ffn",
                "consensus/quality_control/prokka/SRR11140744/constraint/SRR11140744_BA2-CONSTRAINT/SRR11140744_BA2-CONSTRAINT.fna",
                "consensus/quality_control/prokka/SRR11140744/constraint/SRR11140744_BA2-CONSTRAINT/SRR11140744_BA2-CONSTRAINT.fsa",
                "consensus/quality_control/prokka/SRR11140744/constraint/SRR11140744_BA2-CONSTRAINT/SRR11140744_BA2-CONSTRAINT.gbk",
                "consensus/quality_control/prokka/SRR11140744/constraint/SRR11140744_BA2-CONSTRAINT/SRR11140744_BA2-CONSTRAINT.gff",
                "consensus/quality_control/prokka/SRR11140744/constraint/SRR11140744_BA2-CONSTRAINT/SRR11140744_BA2-CONSTRAINT.log",
                "consensus/quality_control/prokka/SRR11140744/constraint/SRR11140744_BA2-CONSTRAINT/SRR11140744_BA2-CONSTRAINT.sqn",
                "consensus/quality_control/prokka/SRR11140744/constraint/SRR11140744_BA2-CONSTRAINT/SRR11140744_BA2-CONSTRAINT.tbl",
                "consensus/quality_control/prokka/SRR11140744/constraint/SRR11140744_BA2-CONSTRAINT/SRR11140744_BA2-CONSTRAINT.tsv",
                "consensus/quality_control/prokka/SRR11140744/constraint/SRR11140744_BA2-CONSTRAINT/SRR11140744_BA2-CONSTRAINT.txt",
                "consensus/quality_control/prokka/SRR11140744/constraint/SRR11140744_BA24-CONSTRAINT",
                "consensus/quality_control/prokka/SRR11140744/constraint/SRR11140744_BA24-CONSTRAINT/SRR11140744_BA24-CONSTRAINT.err",
                "consensus/quality_control/prokka/SRR11140744/constraint/SRR11140744_BA24-CONSTRAINT/SRR11140744_BA24-CONSTRAINT.faa",
                "consensus/quality_control/prokka/SRR11140744/constraint/SRR11140744_BA24-CONSTRAINT/SRR11140744_BA24-CONSTRAINT.ffn",
                "consensus/quality_control/prokka/SRR11140744/constraint/SRR11140744_BA24-CONSTRAINT/SRR11140744_BA24-CONSTRAINT.fna",
                "consensus/quality_control/prokka/SRR11140744/constraint/SRR11140744_BA24-CONSTRAINT/SRR11140744_BA24-CONSTRAINT.fsa",
                "consensus/quality_control/prokka/SRR11140744/constraint/SRR11140744_BA24-CONSTRAINT/SRR11140744_BA24-CONSTRAINT.gbk",
                "consensus/quality_control/prokka/SRR11140744/constraint/SRR11140744_BA24-CONSTRAINT/SRR11140744_BA24-CONSTRAINT.gff",
                "consensus/quality_control/prokka/SRR11140744/constraint/SRR11140744_BA24-CONSTRAINT/SRR11140744_BA24-CONSTRAINT.log",
                "consensus/quality_control/prokka/SRR11140744/constraint/SRR11140744_BA24-CONSTRAINT/SRR11140744_BA24-CONSTRAINT.sqn",
                "consensus/quality_control/prokka/SRR11140744/constraint/SRR11140744_BA24-CONSTRAINT/SRR11140744_BA24-CONSTRAINT.tbl",
                "consensus/quality_control/prokka/SRR11140744/constraint/SRR11140744_BA24-CONSTRAINT/SRR11140744_BA24-CONSTRAINT.tsv",
                "consensus/quality_control/prokka/SRR11140744/constraint/SRR11140744_BA24-CONSTRAINT/SRR11140744_BA24-CONSTRAINT.txt",
                "consensus/quality_control/prokka/SRR11140744/constraint/SRR11140744_MN908947-CONSTRAINT",
                "consensus/quality_control/prokka/SRR11140744/constraint/SRR11140744_MN908947-CONSTRAINT/SRR11140744_MN908947-CONSTRAINT.err",
                "consensus/quality_control/prokka/SRR11140744/constraint/SRR11140744_MN908947-CONSTRAINT/SRR11140744_MN908947-CONSTRAINT.faa",
                "consensus/quality_control/prokka/SRR11140744/constraint/SRR11140744_MN908947-CONSTRAINT/SRR11140744_MN908947-CONSTRAINT.ffn",
                "consensus/quality_control/prokka/SRR11140744/constraint/SRR11140744_MN908947-CONSTRAINT/SRR11140744_MN908947-CONSTRAINT.fna",
                "consensus/quality_control/prokka/SRR11140744/constraint/SRR11140744_MN908947-CONSTRAINT/SRR11140744_MN908947-CONSTRAINT.fsa",
                "consensus/quality_control/prokka/SRR11140744/constraint/SRR11140744_MN908947-CONSTRAINT/SRR11140744_MN908947-CONSTRAINT.gbk",
                "consensus/quality_control/prokka/SRR11140744/constraint/SRR11140744_MN908947-CONSTRAINT/SRR11140744_MN908947-CONSTRAINT.gff",
                "consensus/quality_control/prokka/SRR11140744/constraint/SRR11140744_MN908947-CONSTRAINT/SRR11140744_MN908947-CONSTRAINT.log",
                "consensus/quality_control/prokka/SRR11140744/constraint/SRR11140744_MN908947-CONSTRAINT/SRR11140744_MN908947-CONSTRAINT.sqn",
                "consensus/quality_control/prokka/SRR11140744/constraint/SRR11140744_MN908947-CONSTRAINT/SRR11140744_MN908947-CONSTRAINT.tbl",
                "consensus/quality_control/prokka/SRR11140744/constraint/SRR11140744_MN908947-CONSTRAINT/SRR11140744_MN908947-CONSTRAINT.tsv",
                "consensus/quality_control/prokka/SRR11140744/constraint/SRR11140744_MN908947-CONSTRAINT/SRR11140744_MN908947-CONSTRAINT.txt",
                "consensus/quality_control/prokka/SRR11140744/constraint/versions.yml",
                "consensus/quality_control/prokka/SRR11140748",
                "consensus/quality_control/prokka/SRR11140748/constraint",
                "consensus/quality_control/prokka/SRR11140748/constraint/SRR11140748_BA24-CONSTRAINT",
                "consensus/quality_control/prokka/SRR11140748/constraint/SRR11140748_BA24-CONSTRAINT/SRR11140748_BA24-CONSTRAINT.err",
                "consensus/quality_control/prokka/SRR11140748/constraint/SRR11140748_BA24-CONSTRAINT/SRR11140748_BA24-CONSTRAINT.faa",
                "consensus/quality_control/prokka/SRR11140748/constraint/SRR11140748_BA24-CONSTRAINT/SRR11140748_BA24-CONSTRAINT.ffn",
                "consensus/quality_control/prokka/SRR11140748/constraint/SRR11140748_BA24-CONSTRAINT/SRR11140748_BA24-CONSTRAINT.fna",
                "consensus/quality_control/prokka/SRR11140748/constraint/SRR11140748_BA24-CONSTRAINT/SRR11140748_BA24-CONSTRAINT.fsa",
                "consensus/quality_control/prokka/SRR11140748/constraint/SRR11140748_BA24-CONSTRAINT/SRR11140748_BA24-CONSTRAINT.gbk",
                "consensus/quality_control/prokka/SRR11140748/constraint/SRR11140748_BA24-CONSTRAINT/SRR11140748_BA24-CONSTRAINT.gff",
                "consensus/quality_control/prokka/SRR11140748/constraint/SRR11140748_BA24-CONSTRAINT/SRR11140748_BA24-CONSTRAINT.log",
                "consensus/quality_control/prokka/SRR11140748/constraint/SRR11140748_BA24-CONSTRAINT/SRR11140748_BA24-CONSTRAINT.sqn",
                "consensus/quality_control/prokka/SRR11140748/constraint/SRR11140748_BA24-CONSTRAINT/SRR11140748_BA24-CONSTRAINT.tbl",
                "consensus/quality_control/prokka/SRR11140748/constraint/SRR11140748_BA24-CONSTRAINT/SRR11140748_BA24-CONSTRAINT.tsv",
                "consensus/quality_control/prokka/SRR11140748/constraint/SRR11140748_BA24-CONSTRAINT/SRR11140748_BA24-CONSTRAINT.txt",
                "consensus/quality_control/prokka/SRR11140748/constraint/SRR11140748_MN908947-CONSTRAINT",
                "consensus/quality_control/prokka/SRR11140748/constraint/SRR11140748_MN908947-CONSTRAINT/SRR11140748_MN908947-CONSTRAINT.err",
                "consensus/quality_control/prokka/SRR11140748/constraint/SRR11140748_MN908947-CONSTRAINT/SRR11140748_MN908947-CONSTRAINT.faa",
                "consensus/quality_control/prokka/SRR11140748/constraint/SRR11140748_MN908947-CONSTRAINT/SRR11140748_MN908947-CONSTRAINT.ffn",
                "consensus/quality_control/prokka/SRR11140748/constraint/SRR11140748_MN908947-CONSTRAINT/SRR11140748_MN908947-CONSTRAINT.fna",
                "consensus/quality_control/prokka/SRR11140748/constraint/SRR11140748_MN908947-CONSTRAINT/SRR11140748_MN908947-CONSTRAINT.fsa",
                "consensus/quality_control/prokka/SRR11140748/constraint/SRR11140748_MN908947-CONSTRAINT/SRR11140748_MN908947-CONSTRAINT.gbk",
                "consensus/quality_control/prokka/SRR11140748/constraint/SRR11140748_MN908947-CONSTRAINT/SRR11140748_MN908947-CONSTRAINT.gff",
                "consensus/quality_control/prokka/SRR11140748/constraint/SRR11140748_MN908947-CONSTRAINT/SRR11140748_MN908947-CONSTRAINT.log",
                "consensus/quality_control/prokka/SRR11140748/constraint/SRR11140748_MN908947-CONSTRAINT/SRR11140748_MN908947-CONSTRAINT.sqn",
                "consensus/quality_control/prokka/SRR11140748/constraint/SRR11140748_MN908947-CONSTRAINT/SRR11140748_MN908947-CONSTRAINT.tbl",
                "consensus/quality_control/prokka/SRR11140748/constraint/SRR11140748_MN908947-CONSTRAINT/SRR11140748_MN908947-CONSTRAINT.tsv",
                "consensus/quality_control/prokka/SRR11140748/constraint/SRR11140748_MN908947-CONSTRAINT/SRR11140748_MN908947-CONSTRAINT.txt",
                "consensus/quality_control/prokka/SRR11140748/constraint/versions.yml",
                "consensus/quality_control/quast",
                "consensus/quality_control/quast/SRR11140744",
                "consensus/quality_control/quast/SRR11140744/constraint",
                "consensus/quality_control/quast/SRR11140744/constraint/SRR11140744_BA2-CONSTRAINT.tsv",
                "consensus/quality_control/quast/SRR11140744/constraint/SRR11140744_BA24-CONSTRAINT.tsv",
                "consensus/quality_control/quast/SRR11140744/constraint/SRR11140744_MN908947-CONSTRAINT.tsv",
                "consensus/quality_control/quast/SRR11140748",
                "consensus/quality_control/quast/SRR11140748/constraint",
                "consensus/quality_control/quast/SRR11140748/constraint/SRR11140748_BA24-CONSTRAINT.tsv",
                "consensus/quality_control/quast/SRR11140748/constraint/SRR11140748_MN908947-CONSTRAINT.tsv",
                "consensus/seq",
                "consensus/seq/constraint",
                "consensus/seq/constraint/SRR11140744",
                "consensus/seq/constraint/SRR11140744/SRR11140744_BA2-CONSTRAINT_itvariant-calling.consensus.fasta",
                "consensus/seq/constraint/SRR11140744/SRR11140744_BA24-CONSTRAINT_itvariant-calling.consensus.fasta",
                "consensus/seq/constraint/SRR11140744/SRR11140744_MN908947-CONSTRAINT_itvariant-calling.consensus.fasta",
                "consensus/seq/constraint/SRR11140748",
                "consensus/seq/constraint/SRR11140748/SRR11140748_BA24-CONSTRAINT_itvariant-calling.consensus.fasta",
                "consensus/seq/constraint/SRR11140748/SRR11140748_MN908947-CONSTRAINT_itvariant-calling.consensus.fasta",
                "multiqc",
                "multiqc/multiqc_data",
                "multiqc/multiqc_data/bcftools-stats-subtypes.txt",
                "multiqc/multiqc_data/bcftools_stats_indel-lengths.txt",
                "multiqc/multiqc_data/bcftools_stats_vqc_Count_Indels.txt",
                "multiqc/multiqc_data/bcftools_stats_vqc_Count_SNP.txt",
                "multiqc/multiqc_data/bcftools_stats_vqc_Count_Transitions.txt",
                "multiqc/multiqc_data/bcftools_stats_vqc_Count_Transversions.txt",
                "multiqc/multiqc_data/fastp-insert-size-plot.txt",
                "multiqc/multiqc_data/fastp-seq-content-gc-plot_Read_1_After_filtering.txt",
                "multiqc/multiqc_data/fastp-seq-content-gc-plot_Read_1_Before_filtering.txt",
                "multiqc/multiqc_data/fastp-seq-content-gc-plot_Read_2_After_filtering.txt",
                "multiqc/multiqc_data/fastp-seq-content-gc-plot_Read_2_Before_filtering.txt",
                "multiqc/multiqc_data/fastp-seq-content-n-plot_Read_1_After_filtering.txt",
                "multiqc/multiqc_data/fastp-seq-content-n-plot_Read_1_Before_filtering.txt",
                "multiqc/multiqc_data/fastp-seq-content-n-plot_Read_2_After_filtering.txt",
                "multiqc/multiqc_data/fastp-seq-content-n-plot_Read_2_Before_filtering.txt",
                "multiqc/multiqc_data/fastp-seq-quality-plot_Read_1_After_filtering.txt",
                "multiqc/multiqc_data/fastp-seq-quality-plot_Read_1_Before_filtering.txt",
                "multiqc/multiqc_data/fastp-seq-quality-plot_Read_2_After_filtering.txt",
                "multiqc/multiqc_data/fastp-seq-quality-plot_Read_2_Before_filtering.txt",
                "multiqc/multiqc_data/fastp_filtered_reads_plot.txt",
                "multiqc/multiqc_data/fastqc-1-status-check-heatmap.txt",
                "multiqc/multiqc_data/fastqc-1_overrepresented_sequences_plot.txt",
                "multiqc/multiqc_data/fastqc-1_per_base_n_content_plot.txt",
                "multiqc/multiqc_data/fastqc-1_per_base_sequence_quality_plot.txt",
                "multiqc/multiqc_data/fastqc-1_per_sequence_gc_content_plot_Counts.txt",
                "multiqc/multiqc_data/fastqc-1_per_sequence_gc_content_plot_Percentages.txt",
                "multiqc/multiqc_data/fastqc-1_per_sequence_quality_scores_plot.txt",
                "multiqc/multiqc_data/fastqc-1_sequence_counts_plot.txt",
                "multiqc/multiqc_data/fastqc-1_sequence_duplication_levels_plot.txt",
                "multiqc/multiqc_data/fastqc-1_top_overrepresented_sequences_table.txt",
                "multiqc/multiqc_data/fastqc-2-status-check-heatmap.txt",
                "multiqc/multiqc_data/fastqc-2_overrepresented_sequences_plot.txt",
                "multiqc/multiqc_data/fastqc-2_per_base_n_content_plot.txt",
                "multiqc/multiqc_data/fastqc-2_per_base_sequence_quality_plot.txt",
                "multiqc/multiqc_data/fastqc-2_per_sequence_gc_content_plot_Counts.txt",
                "multiqc/multiqc_data/fastqc-2_per_sequence_gc_content_plot_Percentages.txt",
                "multiqc/multiqc_data/fastqc-2_per_sequence_quality_scores_plot.txt",
                "multiqc/multiqc_data/fastqc-2_sequence_counts_plot.txt",
                "multiqc/multiqc_data/fastqc-2_sequence_duplication_levels_plot.txt",
                "multiqc/multiqc_data/fastqc-2_top_overrepresented_sequences_table.txt",
                "multiqc/multiqc_data/fastqc-status-check-heatmap.txt",
                "multiqc/multiqc_data/fastqc_overrepresented_sequences_plot.txt",
                "multiqc/multiqc_data/fastqc_per_base_n_content_plot.txt",
                "multiqc/multiqc_data/fastqc_per_base_sequence_quality_plot.txt",
                "multiqc/multiqc_data/fastqc_per_sequence_gc_content_plot_Counts.txt",
                "multiqc/multiqc_data/fastqc_per_sequence_gc_content_plot_Percentages.txt",
                "multiqc/multiqc_data/fastqc_per_sequence_quality_scores_plot.txt",
                "multiqc/multiqc_data/fastqc_sequence_counts_plot.txt",
                "multiqc/multiqc_data/fastqc_sequence_duplication_levels_plot.txt",
                "multiqc/multiqc_data/fastqc_sequence_length_distribution_plot.txt",
                "multiqc/multiqc_data/fastqc_top_overrepresented_sequences_table.txt",
                "multiqc/multiqc_data/kraken-top-n-plot_Class.txt",
                "multiqc/multiqc_data/kraken-top-n-plot_Domain.txt",
                "multiqc/multiqc_data/kraken-top-n-plot_Family.txt",
                "multiqc/multiqc_data/kraken-top-n-plot_Genus.txt",
                "multiqc/multiqc_data/kraken-top-n-plot_Order.txt",
                "multiqc/multiqc_data/kraken-top-n-plot_Phylum.txt",
                "multiqc/multiqc_data/kraken-top-n-plot_Unclassified.txt",
                "multiqc/multiqc_data/mosdepth-coverage-per-contig-single.txt",
                "multiqc/multiqc_data/mosdepth-cumcoverage-dist-id.txt",
                "multiqc/multiqc_data/mosdepth_cov_dist.yaml",
                "multiqc/multiqc_data/mosdepth_cumcov_dist.yaml",
                "multiqc/multiqc_data/mosdepth_perchrom.yaml",
                "multiqc/multiqc_data/multiqc_bcftools_stats.yaml",
                "multiqc/multiqc_data/multiqc_citations.txt",
                "multiqc/multiqc_data/multiqc_data.json",
                "multiqc/multiqc_data/multiqc_fastp.yaml",
                "multiqc/multiqc_data/multiqc_fastqc.yaml",
                "multiqc/multiqc_data/multiqc_fastqc_1.yaml",
                "multiqc/multiqc_data/multiqc_fastqc_2.yaml",
                "multiqc/multiqc_data/multiqc_general_stats.txt",
                "multiqc/multiqc_data/multiqc_ivar_variants.yaml",
                "multiqc/multiqc_data/multiqc_kraken.yaml",
                "multiqc/multiqc_data/multiqc_samples_low_reads.yaml",
                "multiqc/multiqc_data/multiqc_samtools_flagstat.yaml",
                "multiqc/multiqc_data/multiqc_samtools_stats.yaml",
                "multiqc/multiqc_data/multiqc_samtools_stats_1.yaml",
                "multiqc/multiqc_data/multiqc_software_versions.txt",
                "multiqc/multiqc_data/multiqc_sources.txt",
                "multiqc/multiqc_data/samtools-flagstat-dp_Percentage_of_total.txt",
                "multiqc/multiqc_data/samtools-flagstat-dp_Read_counts.txt",
                "multiqc/multiqc_data/samtools-stats-dp.txt",
                "multiqc/multiqc_data/samtools_alignment_plot.txt",
                "multiqc/multiqc_report.html",
                "overview-tables",
                "overview-tables/mapping_overview.tsv",
                "overview-tables/samples_overview.tsv",
                "pipeline_info",
                "pipeline_info/nf_core_viralmetagenome_software_mqc_versions.yml",
                "preprocessing",
                "preprocessing/fastp",
                "preprocessing/fastp/log",
                "preprocessing/fastp/log/SRR11140744.fastp.log",
                "preprocessing/fastp/log/SRR11140748.fastp.log",
                "preprocessing/fastp/log/empty-SRR.fastp.log",
                "preprocessing/fastp/report",
                "preprocessing/fastp/report/SRR11140744.fastp.html",
                "preprocessing/fastp/report/SRR11140744.fastp.json",
                "preprocessing/fastp/report/SRR11140748.fastp.html",
                "preprocessing/fastp/report/SRR11140748.fastp.json",
                "preprocessing/fastp/report/empty-SRR.fastp.html",
                "preprocessing/fastp/report/empty-SRR.fastp.json",
                "preprocessing/fastqc",
                "preprocessing/fastqc/host",
                "preprocessing/fastqc/host/SRR11140744_host_1_fastqc.html",
                "preprocessing/fastqc/host/SRR11140744_host_1_fastqc.zip",
                "preprocessing/fastqc/host/SRR11140744_host_2_fastqc.html",
                "preprocessing/fastqc/host/SRR11140744_host_2_fastqc.zip",
                "preprocessing/fastqc/host/SRR11140748_host_1_fastqc.html",
                "preprocessing/fastqc/host/SRR11140748_host_1_fastqc.zip",
                "preprocessing/fastqc/host/SRR11140748_host_2_fastqc.html",
                "preprocessing/fastqc/host/SRR11140748_host_2_fastqc.zip",
                "preprocessing/fastqc/raw",
                "preprocessing/fastqc/raw/SRR11140744_raw_1_fastqc.html",
                "preprocessing/fastqc/raw/SRR11140744_raw_1_fastqc.zip",
                "preprocessing/fastqc/raw/SRR11140744_raw_2_fastqc.html",
                "preprocessing/fastqc/raw/SRR11140744_raw_2_fastqc.zip",
                "preprocessing/fastqc/raw/SRR11140748_raw_1_fastqc.html",
                "preprocessing/fastqc/raw/SRR11140748_raw_1_fastqc.zip",
                "preprocessing/fastqc/raw/SRR11140748_raw_2_fastqc.html",
                "preprocessing/fastqc/raw/SRR11140748_raw_2_fastqc.zip",
                "preprocessing/fastqc/raw/empty-SRR_raw_1_fastqc.html",
                "preprocessing/fastqc/raw/empty-SRR_raw_1_fastqc.zip",
                "preprocessing/fastqc/raw/empty-SRR_raw_2_fastqc.html",
                "preprocessing/fastqc/raw/empty-SRR_raw_2_fastqc.zip",
                "preprocessing/fastqc/trim",
                "preprocessing/fastqc/trim/SRR11140744_trim_1_fastqc.html",
                "preprocessing/fastqc/trim/SRR11140744_trim_1_fastqc.zip",
                "preprocessing/fastqc/trim/SRR11140744_trim_2_fastqc.html",
                "preprocessing/fastqc/trim/SRR11140744_trim_2_fastqc.zip",
                "preprocessing/fastqc/trim/SRR11140748_trim_1_fastqc.html",
                "preprocessing/fastqc/trim/SRR11140748_trim_1_fastqc.zip",
                "preprocessing/fastqc/trim/SRR11140748_trim_2_fastqc.html",
                "preprocessing/fastqc/trim/SRR11140748_trim_2_fastqc.zip",
                "preprocessing/hostremoval-kraken2",
                "preprocessing/hostremoval-kraken2/SRR11140744_kraken2_host.kraken2.report.txt",
                "preprocessing/hostremoval-kraken2/SRR11140744_kraken2_host.unclassified_1.fastq.gz",
                "preprocessing/hostremoval-kraken2/SRR11140744_kraken2_host.unclassified_2.fastq.gz",
                "preprocessing/hostremoval-kraken2/SRR11140748_kraken2_host.kraken2.report.txt",
                "preprocessing/hostremoval-kraken2/SRR11140748_kraken2_host.unclassified_1.fastq.gz",
                "preprocessing/hostremoval-kraken2/SRR11140748_kraken2_host.unclassified_2.fastq.gz",
                "preprocessing/prinseq",
                "preprocessing/prinseq/log",
                "preprocessing/prinseq/log/SRR11140744.log",
                "preprocessing/prinseq/log/SRR11140748.log",
                "variants",
                "variants/annotation",
                "variants/annotation/SRR11140744",
                "variants/annotation/SRR11140744/SRR11140744_BA2-CONSTRAINT.ann.vcf",
                "variants/annotation/SRR11140744/SRR11140744_BA2-CONSTRAINT.snpsift.txt",
                "variants/annotation/SRR11140744/SRR11140744_MN908947-CONSTRAINT.ann.vcf",
                "variants/annotation/SRR11140744/SRR11140744_MN908947-CONSTRAINT.snpsift.txt",
                "variants/annotation/SRR11140748",
                "variants/annotation/SRR11140748/SRR11140748_MN908947-CONSTRAINT.ann.vcf",
                "variants/annotation/SRR11140748/SRR11140748_MN908947-CONSTRAINT.snpsift.txt",
                "variants/ivar",
                "variants/ivar/SRR11140744",
                "variants/ivar/SRR11140744/SRR11140744_BA2-CONSTRAINT_constraint.bcftools_stats.txt",
                "variants/ivar/SRR11140744/SRR11140744_BA2-CONSTRAINT_constraint.filtered.vcf.gz",
                "variants/ivar/SRR11140744/SRR11140744_BA2-CONSTRAINT_constraint.mpileup",
                "variants/ivar/SRR11140744/SRR11140744_BA2-CONSTRAINT_constraint.sort.vcf.gz.tbi",
                "variants/ivar/SRR11140744/SRR11140744_BA2-CONSTRAINT_constraint.tsv",
                "variants/ivar/SRR11140744/SRR11140744_BA2-CONSTRAINT_constraint.variant_counts.log",
                "variants/ivar/SRR11140744/SRR11140744_BA2-CONSTRAINT_constraint.vcf",
                "variants/ivar/SRR11140744/SRR11140744_BA2-CONSTRAINT_constraint_all_hap.vcf",
                "variants/ivar/SRR11140744/SRR11140744_BA24-CONSTRAINT_constraint.bcftools_stats.txt",
                "variants/ivar/SRR11140744/SRR11140744_BA24-CONSTRAINT_constraint.filtered.vcf.gz",
                "variants/ivar/SRR11140744/SRR11140744_BA24-CONSTRAINT_constraint.mpileup",
                "variants/ivar/SRR11140744/SRR11140744_BA24-CONSTRAINT_constraint.sort.vcf.gz.tbi",
                "variants/ivar/SRR11140744/SRR11140744_BA24-CONSTRAINT_constraint.tsv",
                "variants/ivar/SRR11140744/SRR11140744_BA24-CONSTRAINT_constraint.variant_counts.log",
                "variants/ivar/SRR11140744/SRR11140744_BA24-CONSTRAINT_constraint.vcf",
                "variants/ivar/SRR11140744/SRR11140744_BA24-CONSTRAINT_constraint_all_hap.vcf",
                "variants/ivar/SRR11140744/SRR11140744_MN908947-CONSTRAINT_constraint.bcftools_stats.txt",
                "variants/ivar/SRR11140744/SRR11140744_MN908947-CONSTRAINT_constraint.filtered.vcf.gz",
                "variants/ivar/SRR11140744/SRR11140744_MN908947-CONSTRAINT_constraint.mpileup",
                "variants/ivar/SRR11140744/SRR11140744_MN908947-CONSTRAINT_constraint.sort.vcf.gz.tbi",
                "variants/ivar/SRR11140744/SRR11140744_MN908947-CONSTRAINT_constraint.tsv",
                "variants/ivar/SRR11140744/SRR11140744_MN908947-CONSTRAINT_constraint.variant_counts.log",
                "variants/ivar/SRR11140744/SRR11140744_MN908947-CONSTRAINT_constraint.vcf",
                "variants/ivar/SRR11140744/SRR11140744_MN908947-CONSTRAINT_constraint_all_hap.vcf",
                "variants/ivar/SRR11140748",
                "variants/ivar/SRR11140748/SRR11140748_BA24-CONSTRAINT_constraint.bcftools_stats.txt",
                "variants/ivar/SRR11140748/SRR11140748_BA24-CONSTRAINT_constraint.filtered.vcf.gz",
                "variants/ivar/SRR11140748/SRR11140748_BA24-CONSTRAINT_constraint.mpileup",
                "variants/ivar/SRR11140748/SRR11140748_BA24-CONSTRAINT_constraint.sort.vcf.gz.tbi",
                "variants/ivar/SRR11140748/SRR11140748_BA24-CONSTRAINT_constraint.tsv",
                "variants/ivar/SRR11140748/SRR11140748_BA24-CONSTRAINT_constraint.variant_counts.log",
                "variants/ivar/SRR11140748/SRR11140748_BA24-CONSTRAINT_constraint.vcf",
                "variants/ivar/SRR11140748/SRR11140748_BA24-CONSTRAINT_constraint_all_hap.vcf",
                "variants/ivar/SRR11140748/SRR11140748_MN908947-CONSTRAINT_constraint.bcftools_stats.txt",
                "variants/ivar/SRR11140748/SRR11140748_MN908947-CONSTRAINT_constraint.filtered.vcf.gz",
                "variants/ivar/SRR11140748/SRR11140748_MN908947-CONSTRAINT_constraint.mpileup",
                "variants/ivar/SRR11140748/SRR11140748_MN908947-CONSTRAINT_constraint.sort.vcf.gz.tbi",
                "variants/ivar/SRR11140748/SRR11140748_MN908947-CONSTRAINT_constraint.tsv",
                "variants/ivar/SRR11140748/SRR11140748_MN908947-CONSTRAINT_constraint.variant_counts.log",
                "variants/ivar/SRR11140748/SRR11140748_MN908947-CONSTRAINT_constraint.vcf",
                "variants/ivar/SRR11140748/SRR11140748_MN908947-CONSTRAINT_constraint_all_hap.vcf",
                "variants/mapping-info",
                "variants/mapping-info/bwamem2",
                "variants/mapping-info/bwamem2/bam",
                "variants/mapping-info/bwamem2/bam/SRR11140744",
                "variants/mapping-info/bwamem2/bam/SRR11140744/SRR11140744_BA2-CONSTRAINT_constraint.bam",
                "variants/mapping-info/bwamem2/bam/SRR11140744/SRR11140744_BA24-CONSTRAINT_constraint.bam",
                "variants/mapping-info/bwamem2/bam/SRR11140744/SRR11140744_MN908947-CONSTRAINT_constraint.bam",
                "variants/mapping-info/bwamem2/bam/SRR11140748",
                "variants/mapping-info/bwamem2/bam/SRR11140748/SRR11140748_BA24-CONSTRAINT_constraint.bam",
                "variants/mapping-info/bwamem2/bam/SRR11140748/SRR11140748_MN908947-CONSTRAINT_constraint.bam",
                "variants/mapping-info/bwamem2/index",
                "variants/mapping-info/bwamem2/index/SRR11140744_BA2-CONSTRAINT",
                "variants/mapping-info/bwamem2/index/SRR11140744_BA2-CONSTRAINT/bwamem2",
                "variants/mapping-info/bwamem2/index/SRR11140744_BA2-CONSTRAINT/bwamem2/SRR11140744_BA2-CONSTRAINT_constraint.0123",
                "variants/mapping-info/bwamem2/index/SRR11140744_BA2-CONSTRAINT/bwamem2/SRR11140744_BA2-CONSTRAINT_constraint.amb",
                "variants/mapping-info/bwamem2/index/SRR11140744_BA2-CONSTRAINT/bwamem2/SRR11140744_BA2-CONSTRAINT_constraint.ann",
                "variants/mapping-info/bwamem2/index/SRR11140744_BA2-CONSTRAINT/bwamem2/SRR11140744_BA2-CONSTRAINT_constraint.bwt.2bit.64",
                "variants/mapping-info/bwamem2/index/SRR11140744_BA2-CONSTRAINT/bwamem2/SRR11140744_BA2-CONSTRAINT_constraint.pac",
                "variants/mapping-info/bwamem2/index/SRR11140744_BA24-CONSTRAINT",
                "variants/mapping-info/bwamem2/index/SRR11140744_BA24-CONSTRAINT/bwamem2",
                "variants/mapping-info/bwamem2/index/SRR11140744_BA24-CONSTRAINT/bwamem2/SRR11140744_BA24-CONSTRAINT_constraint.0123",
                "variants/mapping-info/bwamem2/index/SRR11140744_BA24-CONSTRAINT/bwamem2/SRR11140744_BA24-CONSTRAINT_constraint.amb",
                "variants/mapping-info/bwamem2/index/SRR11140744_BA24-CONSTRAINT/bwamem2/SRR11140744_BA24-CONSTRAINT_constraint.ann",
                "variants/mapping-info/bwamem2/index/SRR11140744_BA24-CONSTRAINT/bwamem2/SRR11140744_BA24-CONSTRAINT_constraint.bwt.2bit.64",
                "variants/mapping-info/bwamem2/index/SRR11140744_BA24-CONSTRAINT/bwamem2/SRR11140744_BA24-CONSTRAINT_constraint.pac",
                "variants/mapping-info/bwamem2/index/SRR11140744_MN908947-CONSTRAINT",
                "variants/mapping-info/bwamem2/index/SRR11140744_MN908947-CONSTRAINT/bwamem2",
                "variants/mapping-info/bwamem2/index/SRR11140744_MN908947-CONSTRAINT/bwamem2/SRR11140744_MN908947-CONSTRAINT_constraint.0123",
                "variants/mapping-info/bwamem2/index/SRR11140744_MN908947-CONSTRAINT/bwamem2/SRR11140744_MN908947-CONSTRAINT_constraint.amb",
                "variants/mapping-info/bwamem2/index/SRR11140744_MN908947-CONSTRAINT/bwamem2/SRR11140744_MN908947-CONSTRAINT_constraint.ann",
                "variants/mapping-info/bwamem2/index/SRR11140744_MN908947-CONSTRAINT/bwamem2/SRR11140744_MN908947-CONSTRAINT_constraint.bwt.2bit.64",
                "variants/mapping-info/bwamem2/index/SRR11140744_MN908947-CONSTRAINT/bwamem2/SRR11140744_MN908947-CONSTRAINT_constraint.pac",
                "variants/mapping-info/bwamem2/index/SRR11140748_BA24-CONSTRAINT",
                "variants/mapping-info/bwamem2/index/SRR11140748_BA24-CONSTRAINT/bwamem2",
                "variants/mapping-info/bwamem2/index/SRR11140748_BA24-CONSTRAINT/bwamem2/SRR11140748_BA24-CONSTRAINT_constraint.0123",
                "variants/mapping-info/bwamem2/index/SRR11140748_BA24-CONSTRAINT/bwamem2/SRR11140748_BA24-CONSTRAINT_constraint.amb",
                "variants/mapping-info/bwamem2/index/SRR11140748_BA24-CONSTRAINT/bwamem2/SRR11140748_BA24-CONSTRAINT_constraint.ann",
                "variants/mapping-info/bwamem2/index/SRR11140748_BA24-CONSTRAINT/bwamem2/SRR11140748_BA24-CONSTRAINT_constraint.bwt.2bit.64",
                "variants/mapping-info/bwamem2/index/SRR11140748_BA24-CONSTRAINT/bwamem2/SRR11140748_BA24-CONSTRAINT_constraint.pac",
                "variants/mapping-info/bwamem2/index/SRR11140748_MN908947-CONSTRAINT",
                "variants/mapping-info/bwamem2/index/SRR11140748_MN908947-CONSTRAINT/bwamem2",
                "variants/mapping-info/bwamem2/index/SRR11140748_MN908947-CONSTRAINT/bwamem2/SRR11140748_MN908947-CONSTRAINT_constraint.0123",
                "variants/mapping-info/bwamem2/index/SRR11140748_MN908947-CONSTRAINT/bwamem2/SRR11140748_MN908947-CONSTRAINT_constraint.amb",
                "variants/mapping-info/bwamem2/index/SRR11140748_MN908947-CONSTRAINT/bwamem2/SRR11140748_MN908947-CONSTRAINT_constraint.ann",
                "variants/mapping-info/bwamem2/index/SRR11140748_MN908947-CONSTRAINT/bwamem2/SRR11140748_MN908947-CONSTRAINT_constraint.bwt.2bit.64",
                "variants/mapping-info/bwamem2/index/SRR11140748_MN908947-CONSTRAINT/bwamem2/SRR11140748_MN908947-CONSTRAINT_constraint.pac",
                "variants/mapping-info/bwamem2/unmapped",
                "variants/mapping-info/bwamem2/unmapped/SRR11140744",
                "variants/mapping-info/bwamem2/unmapped/SRR11140748",
                "variants/mapping-info/custom-vcf",
                "variants/mapping-info/custom-vcf/SRR11140744",
                "variants/mapping-info/custom-vcf/SRR11140744/SRR11140744_BA2-CONSTRAINT_constraint.vcf.tsv",
                "variants/mapping-info/custom-vcf/SRR11140744/SRR11140744_BA24-CONSTRAINT_constraint.vcf.tsv",
                "variants/mapping-info/custom-vcf/SRR11140744/SRR11140744_MN908947-CONSTRAINT_constraint.vcf.tsv",
                "variants/mapping-info/custom-vcf/SRR11140748",
                "variants/mapping-info/custom-vcf/SRR11140748/SRR11140748_BA24-CONSTRAINT_constraint.vcf.tsv",
                "variants/mapping-info/custom-vcf/SRR11140748/SRR11140748_MN908947-CONSTRAINT_constraint.vcf.tsv",
                "variants/mapping-info/deduplicate",
                "variants/mapping-info/deduplicate/bam",
                "variants/mapping-info/deduplicate/bam/SRR11140744",
                "variants/mapping-info/deduplicate/bam/SRR11140744/SRR11140744_BA2-CONSTRAINT_constraint.bam.bai",
                "variants/mapping-info/deduplicate/bam/SRR11140744/SRR11140744_BA24-CONSTRAINT_constraint.bam.bai",
                "variants/mapping-info/deduplicate/bam/SRR11140744/SRR11140744_MN908947-CONSTRAINT_constraint.bam.bai",
                "variants/mapping-info/deduplicate/bam/SRR11140748",
                "variants/mapping-info/deduplicate/bam/SRR11140748/SRR11140748_BA24-CONSTRAINT_constraint.bam.bai",
                "variants/mapping-info/deduplicate/bam/SRR11140748/SRR11140748_MN908947-CONSTRAINT_constraint.bam.bai",
                "variants/mapping-info/mash",
                "variants/mapping-info/mash/screen",
                "variants/mapping-info/mash/screen/SRR11140744_BA24-CONSTRAINT.screen",
                "variants/mapping-info/mash/screen/SRR11140748_BA24-CONSTRAINT.screen",
                "variants/mapping-info/mash/select-ref",
                "variants/mapping-info/mash/select-ref/SRR11140744_BA24-CONSTRAINT.json",
                "variants/mapping-info/mash/select-ref/SRR11140748_BA24-CONSTRAINT.json",
                "variants/mapping-info/mash/sketch",
                "variants/mapping-info/mash/sketch/SRR11140744_BA24-CONSTRAINT.msh",
                "variants/mapping-info/mash/sketch/SRR11140748_BA24-CONSTRAINT.msh",
                "variants/mapping-info/metrics",
                "variants/mapping-info/metrics/flagstat",
                "variants/mapping-info/metrics/flagstat/SRR11140744",
                "variants/mapping-info/metrics/flagstat/SRR11140744/SRR11140744_BA2-CONSTRAINT_constraint.flagstat",
                "variants/mapping-info/metrics/flagstat/SRR11140744/SRR11140744_BA24-CONSTRAINT_constraint.flagstat",
                "variants/mapping-info/metrics/flagstat/SRR11140744/SRR11140744_MN908947-CONSTRAINT_constraint.flagstat",
                "variants/mapping-info/metrics/flagstat/SRR11140748",
                "variants/mapping-info/metrics/flagstat/SRR11140748/SRR11140748_BA24-CONSTRAINT_constraint.flagstat",
                "variants/mapping-info/metrics/flagstat/SRR11140748/SRR11140748_MN908947-CONSTRAINT_constraint.flagstat",
                "variants/mapping-info/metrics/idxstats",
                "variants/mapping-info/metrics/idxstats/SRR11140744",
                "variants/mapping-info/metrics/idxstats/SRR11140744/SRR11140744_BA2-CONSTRAINT_constraint.idxstats",
                "variants/mapping-info/metrics/idxstats/SRR11140744/SRR11140744_BA24-CONSTRAINT_constraint.idxstats",
                "variants/mapping-info/metrics/idxstats/SRR11140744/SRR11140744_MN908947-CONSTRAINT_constraint.idxstats",
                "variants/mapping-info/metrics/idxstats/SRR11140748",
                "variants/mapping-info/metrics/idxstats/SRR11140748/SRR11140748_BA24-CONSTRAINT_constraint.idxstats",
                "variants/mapping-info/metrics/idxstats/SRR11140748/SRR11140748_MN908947-CONSTRAINT_constraint.idxstats",
                "variants/mapping-info/metrics/mosdepth",
                "variants/mapping-info/metrics/mosdepth/SRR11140744",
                "variants/mapping-info/metrics/mosdepth/SRR11140744/SRR11140744_BA2-CONSTRAINT_constraint.mosdepth.global.dist.txt",
                "variants/mapping-info/metrics/mosdepth/SRR11140744/SRR11140744_BA2-CONSTRAINT_constraint.mosdepth.summary.txt",
                "variants/mapping-info/metrics/mosdepth/SRR11140744/SRR11140744_BA2-CONSTRAINT_constraint.per-base.bed.gz",
                "variants/mapping-info/metrics/mosdepth/SRR11140744/SRR11140744_BA2-CONSTRAINT_constraint.per-base.bed.gz.csi",
                "variants/mapping-info/metrics/mosdepth/SRR11140744/SRR11140744_BA24-CONSTRAINT_constraint.mosdepth.global.dist.txt",
                "variants/mapping-info/metrics/mosdepth/SRR11140744/SRR11140744_BA24-CONSTRAINT_constraint.mosdepth.summary.txt",
                "variants/mapping-info/metrics/mosdepth/SRR11140744/SRR11140744_BA24-CONSTRAINT_constraint.per-base.bed.gz",
                "variants/mapping-info/metrics/mosdepth/SRR11140744/SRR11140744_BA24-CONSTRAINT_constraint.per-base.bed.gz.csi",
                "variants/mapping-info/metrics/mosdepth/SRR11140744/SRR11140744_MN908947-CONSTRAINT_constraint.mosdepth.global.dist.txt",
                "variants/mapping-info/metrics/mosdepth/SRR11140744/SRR11140744_MN908947-CONSTRAINT_constraint.mosdepth.summary.txt",
                "variants/mapping-info/metrics/mosdepth/SRR11140744/SRR11140744_MN908947-CONSTRAINT_constraint.per-base.bed.gz",
                "variants/mapping-info/metrics/mosdepth/SRR11140744/SRR11140744_MN908947-CONSTRAINT_constraint.per-base.bed.gz.csi",
                "variants/mapping-info/metrics/mosdepth/SRR11140748",
                "variants/mapping-info/metrics/mosdepth/SRR11140748/SRR11140748_BA24-CONSTRAINT_constraint.mosdepth.global.dist.txt",
                "variants/mapping-info/metrics/mosdepth/SRR11140748/SRR11140748_BA24-CONSTRAINT_constraint.mosdepth.summary.txt",
                "variants/mapping-info/metrics/mosdepth/SRR11140748/SRR11140748_BA24-CONSTRAINT_constraint.per-base.bed.gz",
                "variants/mapping-info/metrics/mosdepth/SRR11140748/SRR11140748_BA24-CONSTRAINT_constraint.per-base.bed.gz.csi",
                "variants/mapping-info/metrics/mosdepth/SRR11140748/SRR11140748_MN908947-CONSTRAINT_constraint.mosdepth.global.dist.txt",
                "variants/mapping-info/metrics/mosdepth/SRR11140748/SRR11140748_MN908947-CONSTRAINT_constraint.mosdepth.summary.txt",
                "variants/mapping-info/metrics/mosdepth/SRR11140748/SRR11140748_MN908947-CONSTRAINT_constraint.per-base.bed.gz",
                "variants/mapping-info/metrics/mosdepth/SRR11140748/SRR11140748_MN908947-CONSTRAINT_constraint.per-base.bed.gz.csi",
                "variants/mapping-info/metrics/picard",
                "variants/mapping-info/metrics/picard/SRR11140744",
                "variants/mapping-info/metrics/picard/SRR11140744/SRR11140744_BA2-CONSTRAINT_constraint.CollectMultipleMetrics.alignment_summary_metrics",
                "variants/mapping-info/metrics/picard/SRR11140744/SRR11140744_BA2-CONSTRAINT_constraint.CollectMultipleMetrics.base_distribution_by_cycle.pdf",
                "variants/mapping-info/metrics/picard/SRR11140744/SRR11140744_BA2-CONSTRAINT_constraint.CollectMultipleMetrics.base_distribution_by_cycle_metrics",
                "variants/mapping-info/metrics/picard/SRR11140744/SRR11140744_BA2-CONSTRAINT_constraint.CollectMultipleMetrics.insert_size_histogram.pdf",
                "variants/mapping-info/metrics/picard/SRR11140744/SRR11140744_BA2-CONSTRAINT_constraint.CollectMultipleMetrics.insert_size_metrics",
                "variants/mapping-info/metrics/picard/SRR11140744/SRR11140744_BA2-CONSTRAINT_constraint.CollectMultipleMetrics.quality_by_cycle.pdf",
                "variants/mapping-info/metrics/picard/SRR11140744/SRR11140744_BA2-CONSTRAINT_constraint.CollectMultipleMetrics.quality_by_cycle_metrics",
                "variants/mapping-info/metrics/picard/SRR11140744/SRR11140744_BA2-CONSTRAINT_constraint.CollectMultipleMetrics.quality_distribution.pdf",
                "variants/mapping-info/metrics/picard/SRR11140744/SRR11140744_BA2-CONSTRAINT_constraint.CollectMultipleMetrics.quality_distribution_metrics",
                "variants/mapping-info/metrics/picard/SRR11140744/SRR11140744_BA2-CONSTRAINT_constraint.CollectMultipleMetrics.read_length_histogram.pdf",
                "variants/mapping-info/metrics/picard/SRR11140744/SRR11140744_BA24-CONSTRAINT_constraint.CollectMultipleMetrics.alignment_summary_metrics",
                "variants/mapping-info/metrics/picard/SRR11140744/SRR11140744_BA24-CONSTRAINT_constraint.CollectMultipleMetrics.base_distribution_by_cycle.pdf",
                "variants/mapping-info/metrics/picard/SRR11140744/SRR11140744_BA24-CONSTRAINT_constraint.CollectMultipleMetrics.base_distribution_by_cycle_metrics",
                "variants/mapping-info/metrics/picard/SRR11140744/SRR11140744_BA24-CONSTRAINT_constraint.CollectMultipleMetrics.insert_size_histogram.pdf",
                "variants/mapping-info/metrics/picard/SRR11140744/SRR11140744_BA24-CONSTRAINT_constraint.CollectMultipleMetrics.insert_size_metrics",
                "variants/mapping-info/metrics/picard/SRR11140744/SRR11140744_BA24-CONSTRAINT_constraint.CollectMultipleMetrics.quality_by_cycle.pdf",
                "variants/mapping-info/metrics/picard/SRR11140744/SRR11140744_BA24-CONSTRAINT_constraint.CollectMultipleMetrics.quality_by_cycle_metrics",
                "variants/mapping-info/metrics/picard/SRR11140744/SRR11140744_BA24-CONSTRAINT_constraint.CollectMultipleMetrics.quality_distribution.pdf",
                "variants/mapping-info/metrics/picard/SRR11140744/SRR11140744_BA24-CONSTRAINT_constraint.CollectMultipleMetrics.quality_distribution_metrics",
                "variants/mapping-info/metrics/picard/SRR11140744/SRR11140744_BA24-CONSTRAINT_constraint.CollectMultipleMetrics.read_length_histogram.pdf",
                "variants/mapping-info/metrics/picard/SRR11140744/SRR11140744_MN908947-CONSTRAINT_constraint.CollectMultipleMetrics.alignment_summary_metrics",
                "variants/mapping-info/metrics/picard/SRR11140744/SRR11140744_MN908947-CONSTRAINT_constraint.CollectMultipleMetrics.base_distribution_by_cycle.pdf",
                "variants/mapping-info/metrics/picard/SRR11140744/SRR11140744_MN908947-CONSTRAINT_constraint.CollectMultipleMetrics.base_distribution_by_cycle_metrics",
                "variants/mapping-info/metrics/picard/SRR11140744/SRR11140744_MN908947-CONSTRAINT_constraint.CollectMultipleMetrics.insert_size_histogram.pdf",
                "variants/mapping-info/metrics/picard/SRR11140744/SRR11140744_MN908947-CONSTRAINT_constraint.CollectMultipleMetrics.insert_size_metrics",
                "variants/mapping-info/metrics/picard/SRR11140744/SRR11140744_MN908947-CONSTRAINT_constraint.CollectMultipleMetrics.quality_by_cycle.pdf",
                "variants/mapping-info/metrics/picard/SRR11140744/SRR11140744_MN908947-CONSTRAINT_constraint.CollectMultipleMetrics.quality_by_cycle_metrics",
                "variants/mapping-info/metrics/picard/SRR11140744/SRR11140744_MN908947-CONSTRAINT_constraint.CollectMultipleMetrics.quality_distribution.pdf",
                "variants/mapping-info/metrics/picard/SRR11140744/SRR11140744_MN908947-CONSTRAINT_constraint.CollectMultipleMetrics.quality_distribution_metrics",
                "variants/mapping-info/metrics/picard/SRR11140744/SRR11140744_MN908947-CONSTRAINT_constraint.CollectMultipleMetrics.read_length_histogram.pdf",
                "variants/mapping-info/metrics/picard/SRR11140748",
                "variants/mapping-info/metrics/picard/SRR11140748/SRR11140748_BA24-CONSTRAINT_constraint.CollectMultipleMetrics.alignment_summary_metrics",
                "variants/mapping-info/metrics/picard/SRR11140748/SRR11140748_BA24-CONSTRAINT_constraint.CollectMultipleMetrics.base_distribution_by_cycle.pdf",
                "variants/mapping-info/metrics/picard/SRR11140748/SRR11140748_BA24-CONSTRAINT_constraint.CollectMultipleMetrics.base_distribution_by_cycle_metrics",
                "variants/mapping-info/metrics/picard/SRR11140748/SRR11140748_BA24-CONSTRAINT_constraint.CollectMultipleMetrics.insert_size_histogram.pdf",
                "variants/mapping-info/metrics/picard/SRR11140748/SRR11140748_BA24-CONSTRAINT_constraint.CollectMultipleMetrics.insert_size_metrics",
                "variants/mapping-info/metrics/picard/SRR11140748/SRR11140748_BA24-CONSTRAINT_constraint.CollectMultipleMetrics.quality_by_cycle.pdf",
                "variants/mapping-info/metrics/picard/SRR11140748/SRR11140748_BA24-CONSTRAINT_constraint.CollectMultipleMetrics.quality_by_cycle_metrics",
                "variants/mapping-info/metrics/picard/SRR11140748/SRR11140748_BA24-CONSTRAINT_constraint.CollectMultipleMetrics.quality_distribution.pdf",
                "variants/mapping-info/metrics/picard/SRR11140748/SRR11140748_BA24-CONSTRAINT_constraint.CollectMultipleMetrics.quality_distribution_metrics",
                "variants/mapping-info/metrics/picard/SRR11140748/SRR11140748_BA24-CONSTRAINT_constraint.CollectMultipleMetrics.read_length_histogram.pdf",
                "variants/mapping-info/metrics/picard/SRR11140748/SRR11140748_MN908947-CONSTRAINT_constraint.CollectMultipleMetrics.alignment_summary_metrics",
                "variants/mapping-info/metrics/picard/SRR11140748/SRR11140748_MN908947-CONSTRAINT_constraint.CollectMultipleMetrics.base_distribution_by_cycle.pdf",
                "variants/mapping-info/metrics/picard/SRR11140748/SRR11140748_MN908947-CONSTRAINT_constraint.CollectMultipleMetrics.base_distribution_by_cycle_metrics",
                "variants/mapping-info/metrics/picard/SRR11140748/SRR11140748_MN908947-CONSTRAINT_constraint.CollectMultipleMetrics.insert_size_histogram.pdf",
                "variants/mapping-info/metrics/picard/SRR11140748/SRR11140748_MN908947-CONSTRAINT_constraint.CollectMultipleMetrics.insert_size_metrics",
                "variants/mapping-info/metrics/picard/SRR11140748/SRR11140748_MN908947-CONSTRAINT_constraint.CollectMultipleMetrics.quality_by_cycle.pdf",
                "variants/mapping-info/metrics/picard/SRR11140748/SRR11140748_MN908947-CONSTRAINT_constraint.CollectMultipleMetrics.quality_by_cycle_metrics",
                "variants/mapping-info/metrics/picard/SRR11140748/SRR11140748_MN908947-CONSTRAINT_constraint.CollectMultipleMetrics.quality_distribution.pdf",
                "variants/mapping-info/metrics/picard/SRR11140748/SRR11140748_MN908947-CONSTRAINT_constraint.CollectMultipleMetrics.quality_distribution_metrics",
                "variants/mapping-info/metrics/picard/SRR11140748/SRR11140748_MN908947-CONSTRAINT_constraint.CollectMultipleMetrics.read_length_histogram.pdf",
                "variants/mapping-info/metrics/stats",
                "variants/mapping-info/metrics/stats/SRR11140744",
                "variants/mapping-info/metrics/stats/SRR11140744/SRR11140744_BA2-CONSTRAINT_constraint.stats",
                "variants/mapping-info/metrics/stats/SRR11140744/SRR11140744_BA24-CONSTRAINT_constraint.stats",
                "variants/mapping-info/metrics/stats/SRR11140744/SRR11140744_MN908947-CONSTRAINT_constraint.stats",
                "variants/mapping-info/metrics/stats/SRR11140748",
                "variants/mapping-info/metrics/stats/SRR11140748/SRR11140748_BA24-CONSTRAINT_constraint.stats",
                "variants/mapping-info/metrics/stats/SRR11140748/SRR11140748_MN908947-CONSTRAINT_constraint.stats"
            ],
            [
                "SRR11140744_BA2-CONSTRAINT_itvariant-calling.mpileup:md5,aa28d83a9f05346d700e757cfdbf63cc",
                "SRR11140744_BA2-CONSTRAINT_itvariant-calling.qual.txt:md5,da18902fbf4667969f5c873b12325ad8",
                "SRR11140744_BA24-CONSTRAINT_itvariant-calling.mpileup:md5,ea1b4208fa9aa2fc7e15cb19a18bb982",
                "SRR11140744_BA24-CONSTRAINT_itvariant-calling.qual.txt:md5,20bebf4dcceeb23ec2bdab286df1f057",
                "SRR11140744_MN908947-CONSTRAINT_itvariant-calling.mpileup:md5,aa28d83a9f05346d700e757cfdbf63cc",
                "SRR11140744_MN908947-CONSTRAINT_itvariant-calling.qual.txt:md5,da18902fbf4667969f5c873b12325ad8",
                "SRR11140748_BA24-CONSTRAINT_itvariant-calling.mpileup:md5,8b0874e170b4fc19f0ca9ae6b69fd714",
                "SRR11140748_BA24-CONSTRAINT_itvariant-calling.qual.txt:md5,98362c425912cc1e5dc793775838cfb0",
                "SRR11140748_MN908947-CONSTRAINT_itvariant-calling.mpileup:md5,a7df63dc2a12fcf7b5504413cd47ec9d",
                "SRR11140748_MN908947-CONSTRAINT_itvariant-calling.qual.txt:md5,5a008554b9a84d124a4e632b62c3ceab",
                "SRR11140744_BA2-CONSTRAINT.err:md5,be53ca88cbac4b86d8056643c7b72bab",
                "SRR11140744_BA2-CONSTRAINT.faa:md5,7a317edad9a9c8343f2d65ff6bb7c876",
                "SRR11140744_BA2-CONSTRAINT.ffn:md5,02dc460ab5d2d37f0693c1c0ea6d8284",
                "SRR11140744_BA2-CONSTRAINT.fna:md5,12366cc1454bf849ede6e62fc07664e3",
                "SRR11140744_BA2-CONSTRAINT.fsa:md5,b45f6451264e3dd5f940ded9e8000c12",
                "SRR11140744_BA2-CONSTRAINT.gbk:md5,985d3701bcc5aec555dcbcc31136b72d",
                "SRR11140744_BA2-CONSTRAINT.gff:md5,41dfd3fd4b4deccb774873c801b06618",
                "SRR11140744_BA2-CONSTRAINT.sqn:md5,f38b757e11131c1e12b2efe92307d161",
                "SRR11140744_BA2-CONSTRAINT.tbl:md5,5bb9dd6a81716951be837c0a73cabd68",
                "SRR11140744_BA2-CONSTRAINT.tsv:md5,5f7630f5ec752f974c05858286cc1f78",
                "SRR11140744_BA2-CONSTRAINT.txt:md5,95693f7032525ea4071f32176cd2ad8d",
                "SRR11140744_BA24-CONSTRAINT.err:md5,d4973a9c7aefbddc6430d00516f1e983",
                "SRR11140744_BA24-CONSTRAINT.faa:md5,ec4d7078c13c6888f4d321030458554a",
                "SRR11140744_BA24-CONSTRAINT.ffn:md5,39251135cb49445cfa8aee7ed3648d39",
                "SRR11140744_BA24-CONSTRAINT.fna:md5,0803c31e80793d8b47df945991aad917",
                "SRR11140744_BA24-CONSTRAINT.fsa:md5,1039c1764abfe596ade141d9ece66ae6",
                "SRR11140744_BA24-CONSTRAINT.gbk:md5,b4ab9db27adb1287501df810e114a58e",
                "SRR11140744_BA24-CONSTRAINT.gff:md5,1b0ed5c1f8fdcfbd373a870e540777f2",
                "SRR11140744_BA24-CONSTRAINT.sqn:md5,76e8026a7be9b5160ce195369da57a02",
                "SRR11140744_BA24-CONSTRAINT.tbl:md5,4ac079adf15f16bc69d81c8e2aead954",
                "SRR11140744_BA24-CONSTRAINT.tsv:md5,57479d6a12d2dc36417f9bdfefad6d70",
                "SRR11140744_BA24-CONSTRAINT.txt:md5,b81c03a5521568d9b8173d4750f6a6c3",
                "SRR11140744_MN908947-CONSTRAINT.err:md5,8d369957095b44563102eb377bd7acb6",
                "SRR11140744_MN908947-CONSTRAINT.faa:md5,f4ec292d0e2e78c2dfc787dbab8bae16",
                "SRR11140744_MN908947-CONSTRAINT.ffn:md5,70a7fb47104aec033412abfddddee826",
                "SRR11140744_MN908947-CONSTRAINT.fna:md5,cb26c68e281e0fa0078400d6c7ccd628",
                "SRR11140744_MN908947-CONSTRAINT.fsa:md5,82e954660a098cb9038ef073bd599c3e",
                "SRR11140744_MN908947-CONSTRAINT.gbk:md5,b14230f88e1f2e86dabba17d2e7ff876",
                "SRR11140744_MN908947-CONSTRAINT.gff:md5,39b9d0b8e427b25c57e513085f28034a",
                "SRR11140744_MN908947-CONSTRAINT.sqn:md5,580fcea534f1636e77f20b5fa5573d53",
                "SRR11140744_MN908947-CONSTRAINT.tbl:md5,3495cd8010b34942e8fca586e6c10404",
                "SRR11140744_MN908947-CONSTRAINT.tsv:md5,92f8a656a97092fdae4a60996d85f2bd",
                "SRR11140744_MN908947-CONSTRAINT.txt:md5,95693f7032525ea4071f32176cd2ad8d",
                "versions.yml:md5,df9ce05e7a14ea3217811d96a9918621",
                "SRR11140748_BA24-CONSTRAINT.err:md5,1ca570ce0f277c9002c17b3cf5195758",
                "SRR11140748_BA24-CONSTRAINT.faa:md5,701eacc7cc3cca79ae922b48548e107c",
                "SRR11140748_BA24-CONSTRAINT.ffn:md5,7e5bc8b1ea1d2f623d64718f2181dc30",
                "SRR11140748_BA24-CONSTRAINT.fna:md5,97391960fe42f383bae0b344a50d052e",
                "SRR11140748_BA24-CONSTRAINT.fsa:md5,4c9562549151286955b108dec2c48ac3",
                "SRR11140748_BA24-CONSTRAINT.gbk:md5,2d2af0c1617134614197f7d440d3ea0f",
                "SRR11140748_BA24-CONSTRAINT.gff:md5,40355bdfb619a5f05edc06ca66814514",
                "SRR11140748_BA24-CONSTRAINT.sqn:md5,b77adafbbf4840392db4c2e57a158a3c",
                "SRR11140748_BA24-CONSTRAINT.tbl:md5,3bebe0f364656550ef4fcd2ccdd5c653",
                "SRR11140748_BA24-CONSTRAINT.tsv:md5,6f80dedfafc2f9ded8dbbd7e0d415fd9",
                "SRR11140748_BA24-CONSTRAINT.txt:md5,264a7228e4674bd149309188e64ab552",
                "SRR11140748_MN908947-CONSTRAINT.err:md5,c6f257a2c0158d039e73d1013074d51a",
                "SRR11140748_MN908947-CONSTRAINT.faa:md5,f6135d668b8aae08fe3b04d432910c2b",
                "SRR11140748_MN908947-CONSTRAINT.ffn:md5,02814fb3aff49d9976e28fcf349218d3",
                "SRR11140748_MN908947-CONSTRAINT.fna:md5,10fa246d3983494581b5b76283abae53",
                "SRR11140748_MN908947-CONSTRAINT.fsa:md5,7ae5887a54ba3df9c82ae6fdbf257c54",
                "SRR11140748_MN908947-CONSTRAINT.gbk:md5,3c265abc7ab079fccfb1bfda25d40036",
                "SRR11140748_MN908947-CONSTRAINT.gff:md5,ebb064f02aae8b819571991c6c11969e",
                "SRR11140748_MN908947-CONSTRAINT.sqn:md5,16d1d2a6dff62d7fcfe4b49e8fc4fad6",
                "SRR11140748_MN908947-CONSTRAINT.tbl:md5,43ab70aeff15389aaf975a2b26b721e7",
                "SRR11140748_MN908947-CONSTRAINT.tsv:md5,c7519d94e3183c158fdd166901e0e0bc",
                "SRR11140748_MN908947-CONSTRAINT.txt:md5,bef9381119a336e779721baff36be941",
                "versions.yml:md5,df9ce05e7a14ea3217811d96a9918621",
                "SRR11140744_BA2-CONSTRAINT.tsv:md5,568fefc887abcba133e77c4f6440f247",
                "SRR11140744_BA24-CONSTRAINT.tsv:md5,37d74a48d51cf8188248449a3f97c2a3",
                "SRR11140744_MN908947-CONSTRAINT.tsv:md5,7c27b05ee36ba0e76fbb7876423e150d",
                "SRR11140748_BA24-CONSTRAINT.tsv:md5,5e4b91231ed7d41396085081e0eb7dbc",
                "SRR11140748_MN908947-CONSTRAINT.tsv:md5,59deb39463d853cb7bc44a0478fcba19",
                "SRR11140744_BA2-CONSTRAINT_itvariant-calling.consensus.fasta:md5,2d55cdae827509728998be3e8890328e",
                "SRR11140744_BA24-CONSTRAINT_itvariant-calling.consensus.fasta:md5,77338e6924dc45033a2762361c003fca",
                "SRR11140744_MN908947-CONSTRAINT_itvariant-calling.consensus.fasta:md5,7e581b8a99564532876c1c1cd26d2316",
                "SRR11140748_BA24-CONSTRAINT_itvariant-calling.consensus.fasta:md5,d7345d60c838368bccdcec9692069afe",
                "SRR11140748_MN908947-CONSTRAINT_itvariant-calling.consensus.fasta:md5,6d50c4319c8d1249688773856dd4824f",
                "bcftools-stats-subtypes.txt:md5,4065b0d9d885d48b9d1880909d62b190",
                "bcftools_stats_indel-lengths.txt:md5,1f140e77687899399f45407d303369ca",
                "bcftools_stats_vqc_Count_Indels.txt:md5,17785e9a8ec771b4fc5afbc127bd5589",
                "bcftools_stats_vqc_Count_SNP.txt:md5,45294eceb9d20e990e3181c083f87745",
                "bcftools_stats_vqc_Count_Transitions.txt:md5,2566bfedd0aac6d792e8d03d349dadb8",
                "bcftools_stats_vqc_Count_Transversions.txt:md5,c32b34565e5c3bdb8ad0ffe64d502a98",
                "fastp-insert-size-plot.txt:md5,eca7a05e9de1aa4b6664a93bbd685866",
                "fastp-seq-content-gc-plot_Read_1_After_filtering.txt:md5,e802ffdd622be9835caf0df5c48cdcb4",
                "fastp-seq-content-gc-plot_Read_1_Before_filtering.txt:md5,fc8340a43942ce0029c43815b51e7206",
                "fastp-seq-content-gc-plot_Read_2_After_filtering.txt:md5,8592fa1e8514cb99b3ea4cb1bb0ede05",
                "fastp-seq-content-gc-plot_Read_2_Before_filtering.txt:md5,1a6b2ac236e5b581c387764d26bdc325",
                "fastp-seq-content-n-plot_Read_1_After_filtering.txt:md5,d133da22d186ca691f2eb9bac58c5b1f",
                "fastp-seq-content-n-plot_Read_1_Before_filtering.txt:md5,d133da22d186ca691f2eb9bac58c5b1f",
                "fastp-seq-content-n-plot_Read_2_After_filtering.txt:md5,d133da22d186ca691f2eb9bac58c5b1f",
                "fastp-seq-content-n-plot_Read_2_Before_filtering.txt:md5,d133da22d186ca691f2eb9bac58c5b1f",
                "fastp-seq-quality-plot_Read_1_After_filtering.txt:md5,f29c983b76751b8e405468cce1a4d825",
                "fastp-seq-quality-plot_Read_1_Before_filtering.txt:md5,9fe897ada31c8a843c2cb11bd3c083bc",
                "fastp-seq-quality-plot_Read_2_After_filtering.txt:md5,42b2e9a5c7cb5d4e9d3aad889457871c",
                "fastp-seq-quality-plot_Read_2_Before_filtering.txt:md5,f77606ac7f9da3ed988fb03fd48eabf4",
                "fastp_filtered_reads_plot.txt:md5,55090b531a529af29097fb19cd837e52",
                "fastqc-1-status-check-heatmap.txt:md5,a2a19052eaa8d12fd4ac790cb0b365c5",
                "fastqc-1_overrepresented_sequences_plot.txt:md5,c8690d509a1e0a78215b71cce60b7926",
                "fastqc-1_per_base_n_content_plot.txt:md5,03d4f22de1661a032a3f93f066d18c66",
                "fastqc-1_per_base_sequence_quality_plot.txt:md5,0f9f66bff99c190090ede16029a3fab6",
                "fastqc-1_per_sequence_gc_content_plot_Counts.txt:md5,8a637323af96861434e796f2f53b898b",
                "fastqc-1_per_sequence_gc_content_plot_Percentages.txt:md5,bc50e734a350082c7718d194b3e92194",
                "fastqc-1_per_sequence_quality_scores_plot.txt:md5,c918bb29cb3d9731c14badd5784b2f68",
                "fastqc-1_sequence_counts_plot.txt:md5,b2f7ebd66254f72452e0a2bdc340dd78",
                "fastqc-1_sequence_duplication_levels_plot.txt:md5,0ca0afecbace3ea13ca3c8a1c6441e9f",
                "fastqc-1_top_overrepresented_sequences_table.txt:md5,441d6b8b68d51daa857c8ecf66381597",
                "fastqc-2-status-check-heatmap.txt:md5,50a97751a37bdeb8aead39074dfd45c8",
                "fastqc-2_overrepresented_sequences_plot.txt:md5,19a24a7f8b4606a7f1f9a8e14c509b8a",
                "fastqc-2_per_base_n_content_plot.txt:md5,03d4f22de1661a032a3f93f066d18c66",
                "fastqc-2_per_base_sequence_quality_plot.txt:md5,a973ea615b6264beef9f2ecb2c3209a0",
                "fastqc-2_per_sequence_gc_content_plot_Counts.txt:md5,3aa1f254a655d4470f7da75f98f34b76",
                "fastqc-2_per_sequence_gc_content_plot_Percentages.txt:md5,a4b7e2cdf8b58759d5897d9addc52572",
                "fastqc-2_per_sequence_quality_scores_plot.txt:md5,6caec4ff22c510af659d07635a443861",
                "fastqc-2_sequence_counts_plot.txt:md5,70f935ee3998f397771827cf5e8327cd",
                "fastqc-2_sequence_duplication_levels_plot.txt:md5,df687936f2078a1f24b627e3a6fccf5b",
                "fastqc-2_top_overrepresented_sequences_table.txt:md5,72dde30a5227287c8bed595781490c05",
                "fastqc-status-check-heatmap.txt:md5,214e25d21683164839e6d787f2b34ab9",
                "fastqc_overrepresented_sequences_plot.txt:md5,92b9b5e1bc299cbd7e5e7e9bdf6a5c23",
                "fastqc_per_base_n_content_plot.txt:md5,189d7b50848dfcfaa04ebff068ae371b",
                "fastqc_per_base_sequence_quality_plot.txt:md5,d7d9b7430133b830b1c7e81a11acf91f",
                "fastqc_per_sequence_gc_content_plot_Counts.txt:md5,b1ac0776f95ad71da4735c58f40e4ebf",
                "fastqc_per_sequence_gc_content_plot_Percentages.txt:md5,47b304aed7cee289d878dfefffd7d967",
                "fastqc_per_sequence_quality_scores_plot.txt:md5,35409d3193721280c3134a4a20a103f1",
                "fastqc_sequence_counts_plot.txt:md5,8b73825913e410e007a8b5d180ca0d48",
                "fastqc_sequence_duplication_levels_plot.txt:md5,3bd268e4c7f1ddcbfb5b7cf6f913079e",
                "fastqc_sequence_length_distribution_plot.txt:md5,d1ed03881ae8ccea682dfaaa18968924",
                "kraken-top-n-plot_Class.txt:md5,c5c9a6b7ffea6bb75f172ab7e4adf129",
                "kraken-top-n-plot_Domain.txt:md5,cd8a31429ce0fdf69b7ef904c152f3f3",
                "kraken-top-n-plot_Family.txt:md5,e120fc1884e1f6886203b9ebf3b258e9",
                "kraken-top-n-plot_Genus.txt:md5,df873c7efd3a1331703b8a425b9709d9",
                "kraken-top-n-plot_Order.txt:md5,b6da08b05d2fecf868820c4dbb674b3c",
                "kraken-top-n-plot_Phylum.txt:md5,de4d4f57c8415da242cabed2d873e4cf",
                "kraken-top-n-plot_Unclassified.txt:md5,d3e6fae9b860d7b777b2110a2f7642dd",
                "mosdepth-coverage-per-contig-single.txt:md5,39c0ab3cb29cfdfcf712c76ab1bf1dc3",
                "mosdepth-cumcoverage-dist-id.txt:md5,a1355176365e54d730ce8c5943505554",
                "mosdepth_cov_dist.yaml:md5,afe150a70e45230c2b70604c2ae4b091",
                "mosdepth_cumcov_dist.yaml:md5,afe150a70e45230c2b70604c2ae4b091",
                "mosdepth_perchrom.yaml:md5,205d8f9285024626e85985bd004ad5c0",
                "multiqc_bcftools_stats.yaml:md5,cbb839bead138ffbbfd60cd65b7e6dbb",
                "multiqc_citations.txt:md5,888c4fd02526795cbf2943413494d685",
                "multiqc_fastp.yaml:md5,0d876ec6d5ddd1a85b441ddbbb84ba72",
                "multiqc_fastqc.yaml:md5,b12cbc37f549c125e9df20926c82e59b",
                "multiqc_fastqc_1.yaml:md5,5b14a4bd6432092b9e9918a5ec8f5a4f",
                "multiqc_fastqc_2.yaml:md5,4b46cdd0020828e90e85f63ce8ff4109",
                "multiqc_general_stats.txt:md5,f93190afcf0e1443aaa443efa846bd30",
                "multiqc_ivar_variants.yaml:md5,dd8c93144f89c6b69b00660618bacb47",
                "multiqc_kraken.yaml:md5,d5b81d208510e7de8e3b8ceb01ecb9a2",
                "multiqc_samples_low_reads.yaml:md5,a6448224a69eb18345f91150747c7621",
                "multiqc_samtools_flagstat.yaml:md5,1713cae37f3932ab2a8c34ea13d0ddd7",
                "multiqc_samtools_stats.yaml:md5,b1a472d00e2d121a2350c0c552d4a78a",
                "multiqc_samtools_stats_1.yaml:md5,b1a472d00e2d121a2350c0c552d4a78a",
                "samtools-flagstat-dp_Percentage_of_total.txt:md5,00a2951cf3725f0d1c22a0e54b2446c9",
                "samtools-flagstat-dp_Read_counts.txt:md5,b6550f622e09ad909b670671e14d6348",
                "samtools-stats-dp.txt:md5,b77cf0244ae492b9efcb3f5c889220d9",
                "samtools_alignment_plot.txt:md5,0a95fcffc3ae89e82bf7d708f12c8b5d",
                "mapping_overview.tsv:md5,ba853bb601825a1bcbd00ce750c7b73c",
                "samples_overview.tsv:md5,7ae10e59525d4d62a5f873d53c8f6f65",
                "SRR11140744.fastp.html:md5,55ff1f9aef7c65d90556949360a592f8",
                "SRR11140744.fastp.json:md5,2fdf5a6992451ffb6401eaf99a69454f",
                "SRR11140748.fastp.html:md5,f9b1fa6faee71e8a20420767b1689c39",
                "SRR11140748.fastp.json:md5,9ac79b890cfbe3701faf3bfdd6221e66",
                "empty-SRR.fastp.html:md5,c86ac493b3d5138623d5b450e5e09d19",
                "empty-SRR.fastp.json:md5,5711530fff84bca80d1dd1e565196d2e",
                "SRR11140744_kraken2_host.kraken2.report.txt:md5,8af6d6b36473056da22d0a01e65a468a",
                "SRR11140744_kraken2_host.unclassified_1.fastq.gz:md5,0f9b573a6b4aea85eda350490dcb552e",
                "SRR11140744_kraken2_host.unclassified_2.fastq.gz:md5,42b04a1a4521c138667535b248511c86",
                "SRR11140748_kraken2_host.kraken2.report.txt:md5,dcb606266fa1e1b47b4ef5d275159490",
                "SRR11140748_kraken2_host.unclassified_1.fastq.gz:md5,1efa40e593a15bc80909b5cbf6ecdb4f",
                "SRR11140748_kraken2_host.unclassified_2.fastq.gz:md5,1db71ad172d5810ca03afdfacd13374e",
                "SRR11140744_BA2-CONSTRAINT.ann.vcf:md5,f245c7aca010784e5e8fcd3a0eb9f4fe",
                "SRR11140744_BA2-CONSTRAINT.snpsift.txt:md5,be7e8aa973ef88e35f927c6f3cdda914",
                "SRR11140744_MN908947-CONSTRAINT.ann.vcf:md5,549fe82d39382c5376ad7a4eb06b1dc6",
                "SRR11140744_MN908947-CONSTRAINT.snpsift.txt:md5,be7e8aa973ef88e35f927c6f3cdda914",
                "SRR11140748_MN908947-CONSTRAINT.ann.vcf:md5,298fd9cf9900ecb2b730761a1a5a9174",
                "SRR11140748_MN908947-CONSTRAINT.snpsift.txt:md5,c6660f19b6896ded223d1b0f263606da",
                "SRR11140744_BA2-CONSTRAINT_constraint.bcftools_stats.txt:md5,327c035ac84b8de61f8ff634d99c9ee3",
                "SRR11140744_BA2-CONSTRAINT_constraint.filtered.vcf.gz:md5,e37f0d65ec8bb40164faac5eb7d3559d",
                "SRR11140744_BA2-CONSTRAINT_constraint.mpileup:md5,b4a32e5eabaa845e595575a7892b29e3",
                "SRR11140744_BA2-CONSTRAINT_constraint.sort.vcf.gz.tbi:md5,67543543be553c0b24868f03f221d50e",
                "SRR11140744_BA2-CONSTRAINT_constraint.tsv:md5,4f32aa4087a571293d77b0a8d2f10c35",
                "SRR11140744_BA2-CONSTRAINT_constraint.vcf:md5,8c5f14098c33be1ff28bb103e4b9ceea",
                "SRR11140744_BA2-CONSTRAINT_constraint_all_hap.vcf:md5,8c5f14098c33be1ff28bb103e4b9ceea",
                "SRR11140744_BA24-CONSTRAINT_constraint.bcftools_stats.txt:md5,b6e2c58421863e0271c8fffa137beb58",
                "SRR11140744_BA24-CONSTRAINT_constraint.filtered.vcf.gz:md5,0a5a829bff89d6d361153c9e2c277311",
                "SRR11140744_BA24-CONSTRAINT_constraint.mpileup:md5,d58ac4ad388269176bf5c5f0f11a1e1b",
                "SRR11140744_BA24-CONSTRAINT_constraint.sort.vcf.gz.tbi:md5,6931249b54d302ef2346e08ce3dda0a1",
                "SRR11140744_BA24-CONSTRAINT_constraint.tsv:md5,088819b4b628ecb2d53512fbf9d44ac0",
                "SRR11140744_BA24-CONSTRAINT_constraint.vcf:md5,b3fc2a70e9ec846bf59083cedead3057",
                "SRR11140744_BA24-CONSTRAINT_constraint_all_hap.vcf:md5,b3fc2a70e9ec846bf59083cedead3057",
                "SRR11140744_MN908947-CONSTRAINT_constraint.bcftools_stats.txt:md5,5d3a81a94277ed42626430d9fc978731",
                "SRR11140744_MN908947-CONSTRAINT_constraint.filtered.vcf.gz:md5,cda87535b739a0889c11d458c21ce9cd",
                "SRR11140744_MN908947-CONSTRAINT_constraint.mpileup:md5,b4a32e5eabaa845e595575a7892b29e3",
                "SRR11140744_MN908947-CONSTRAINT_constraint.sort.vcf.gz.tbi:md5,67543543be553c0b24868f03f221d50e",
                "SRR11140744_MN908947-CONSTRAINT_constraint.tsv:md5,4f32aa4087a571293d77b0a8d2f10c35",
                "SRR11140744_MN908947-CONSTRAINT_constraint.vcf:md5,18e37a3c5cdb71518a4eefc5f2bd2574",
                "SRR11140744_MN908947-CONSTRAINT_constraint_all_hap.vcf:md5,18e37a3c5cdb71518a4eefc5f2bd2574",
                "SRR11140748_BA24-CONSTRAINT_constraint.bcftools_stats.txt:md5,939fc3d3b52f2ccd11994ddbb676c5d6",
                "SRR11140748_BA24-CONSTRAINT_constraint.filtered.vcf.gz:md5,53c373340827e0ba9a4eaba580d112f4",
                "SRR11140748_BA24-CONSTRAINT_constraint.mpileup:md5,d1835d361cefd5096a8453e154c13bc3",
                "SRR11140748_BA24-CONSTRAINT_constraint.sort.vcf.gz.tbi:md5,1b2bf4f3a5226eef8bfca040461c7aaa",
                "SRR11140748_BA24-CONSTRAINT_constraint.tsv:md5,9d1545a807384f20ce21ef09e4c757eb",
                "SRR11140748_BA24-CONSTRAINT_constraint.vcf:md5,28a2a78c82da03972e5b31295c745a55",
                "SRR11140748_BA24-CONSTRAINT_constraint_all_hap.vcf:md5,28a2a78c82da03972e5b31295c745a55",
                "SRR11140748_MN908947-CONSTRAINT_constraint.bcftools_stats.txt:md5,199c78492b95870765186f8c107ab5f4",
                "SRR11140748_MN908947-CONSTRAINT_constraint.filtered.vcf.gz:md5,73df65abd974af2fb81ec78bfbd312af",
                "SRR11140748_MN908947-CONSTRAINT_constraint.mpileup:md5,1417421977a93444d2b40ec3d6ab64b1",
                "SRR11140748_MN908947-CONSTRAINT_constraint.sort.vcf.gz.tbi:md5,6db273099b34b389edb22e6ad60ecfb1",
                "SRR11140748_MN908947-CONSTRAINT_constraint.tsv:md5,44352abcc8968d569f477f8982a17a82",
                "SRR11140748_MN908947-CONSTRAINT_constraint.vcf:md5,ca9ccb79c008311de8ecd22403ebbf64",
                "SRR11140748_MN908947-CONSTRAINT_constraint_all_hap.vcf:md5,ca9ccb79c008311de8ecd22403ebbf64",
                "SRR11140744_BA2-CONSTRAINT_constraint.0123:md5,d91759ed4966eeb3a8b8f90294733275",
                "SRR11140744_BA2-CONSTRAINT_constraint.amb:md5,80f653e5d4e35ada77d0a10eb91e4d2d",
                "SRR11140744_BA2-CONSTRAINT_constraint.ann:md5,0ac5deceb401137cb566f772846cfda9",
                "SRR11140744_BA2-CONSTRAINT_constraint.bwt.2bit.64:md5,344794f03d3af154f563998447197e68",
                "SRR11140744_BA2-CONSTRAINT_constraint.pac:md5,f631387e31f59214b85a8a80f63155f6",
                "SRR11140744_BA24-CONSTRAINT_constraint.0123:md5,60fb3b1463951a4f30309f4d20a23716",
                "SRR11140744_BA24-CONSTRAINT_constraint.amb:md5,470d69814d09651bead1b9ff01efe1ad",
                "SRR11140744_BA24-CONSTRAINT_constraint.ann:md5,9bb9c9e039c6915681103e01a08bd686",
                "SRR11140744_BA24-CONSTRAINT_constraint.bwt.2bit.64:md5,82d227f60a52cc61028a60a7fc647306",
                "SRR11140744_BA24-CONSTRAINT_constraint.pac:md5,5242f07e0f857e382ab8114f7ee99683",
                "SRR11140744_MN908947-CONSTRAINT_constraint.0123:md5,d91759ed4966eeb3a8b8f90294733275",
                "SRR11140744_MN908947-CONSTRAINT_constraint.amb:md5,80f653e5d4e35ada77d0a10eb91e4d2d",
                "SRR11140744_MN908947-CONSTRAINT_constraint.ann:md5,0ac5deceb401137cb566f772846cfda9",
                "SRR11140744_MN908947-CONSTRAINT_constraint.bwt.2bit.64:md5,344794f03d3af154f563998447197e68",
                "SRR11140744_MN908947-CONSTRAINT_constraint.pac:md5,f631387e31f59214b85a8a80f63155f6",
                "SRR11140748_BA24-CONSTRAINT_constraint.0123:md5,60fb3b1463951a4f30309f4d20a23716",
                "SRR11140748_BA24-CONSTRAINT_constraint.amb:md5,470d69814d09651bead1b9ff01efe1ad",
                "SRR11140748_BA24-CONSTRAINT_constraint.ann:md5,9bb9c9e039c6915681103e01a08bd686",
                "SRR11140748_BA24-CONSTRAINT_constraint.bwt.2bit.64:md5,82d227f60a52cc61028a60a7fc647306",
                "SRR11140748_BA24-CONSTRAINT_constraint.pac:md5,5242f07e0f857e382ab8114f7ee99683",
                "SRR11140748_MN908947-CONSTRAINT_constraint.0123:md5,d91759ed4966eeb3a8b8f90294733275",
                "SRR11140748_MN908947-CONSTRAINT_constraint.amb:md5,80f653e5d4e35ada77d0a10eb91e4d2d",
                "SRR11140748_MN908947-CONSTRAINT_constraint.ann:md5,0ac5deceb401137cb566f772846cfda9",
                "SRR11140748_MN908947-CONSTRAINT_constraint.bwt.2bit.64:md5,344794f03d3af154f563998447197e68",
                "SRR11140748_MN908947-CONSTRAINT_constraint.pac:md5,f631387e31f59214b85a8a80f63155f6",
                "SRR11140744_BA2-CONSTRAINT_constraint.vcf.tsv:md5,fe328dccc95c1185e006c379d7570a29",
                "SRR11140744_BA24-CONSTRAINT_constraint.vcf.tsv:md5,5b498aa052b0abc806c2aa1a25f2c595",
                "SRR11140744_MN908947-CONSTRAINT_constraint.vcf.tsv:md5,fe328dccc95c1185e006c379d7570a29",
                "SRR11140748_BA24-CONSTRAINT_constraint.vcf.tsv:md5,c67bedf6e74f61dbc456f05dba6a8519",
                "SRR11140748_MN908947-CONSTRAINT_constraint.vcf.tsv:md5,edea930a45ded78f36d86e523a4a16d7",
                "SRR11140744_BA24-CONSTRAINT.screen:md5,b5851856a81b4a0171dfb793c4a3d1c3",
                "SRR11140748_BA24-CONSTRAINT.screen:md5,dd05f6a6d46667087ebcbf27b23a9f2b",
                "SRR11140744_BA24-CONSTRAINT.json:md5,15c75f24a74a75ac81a9276698b606c1",
                "SRR11140748_BA24-CONSTRAINT.json:md5,8f2bd7a8417ac023eecdaa0ec64bb2ad",
                "SRR11140744_BA24-CONSTRAINT.msh:md5,3477c29d51b457d34c9f327b35299789",
                "SRR11140748_BA24-CONSTRAINT.msh:md5,3477c29d51b457d34c9f327b35299789",
                "SRR11140744_BA2-CONSTRAINT_constraint.flagstat:md5,f053356c0b4a8b18ed6ac814472c6934",
                "SRR11140744_BA24-CONSTRAINT_constraint.flagstat:md5,f053356c0b4a8b18ed6ac814472c6934",
                "SRR11140744_MN908947-CONSTRAINT_constraint.flagstat:md5,f053356c0b4a8b18ed6ac814472c6934",
                "SRR11140748_BA24-CONSTRAINT_constraint.flagstat:md5,a4e895152590e8b80d693cf4ea5d3800",
                "SRR11140748_MN908947-CONSTRAINT_constraint.flagstat:md5,37d86c868543c39a0cdc980c15220302",
                "SRR11140744_BA2-CONSTRAINT_constraint.idxstats:md5,6bc7808d089224b3e7aa66a17a16041b",
                "SRR11140744_BA24-CONSTRAINT_constraint.idxstats:md5,551ff24c93113558b00ee12f23a18383",
                "SRR11140744_MN908947-CONSTRAINT_constraint.idxstats:md5,6bc7808d089224b3e7aa66a17a16041b",
                "SRR11140748_BA24-CONSTRAINT_constraint.idxstats:md5,3c36ecc5ed2dd7dfa75ff22ed0e3ef63",
                "SRR11140748_MN908947-CONSTRAINT_constraint.idxstats:md5,0ca35addff63ceeffad53378304c8092"
            ],
            [
                [
                    "SRR11140744_BA2-CONSTRAINT_constraint.bam",
                    "5a51d534c270b9d949f97967aec57d66"
                ],
                [
                    "SRR11140744_BA24-CONSTRAINT_constraint.bam",
                    "f3645ea32deea1e0d35eded9b9cdc096"
                ],
                [
                    "SRR11140744_MN908947-CONSTRAINT_constraint.bam",
                    "5a51d534c270b9d949f97967aec57d66"
                ],
                [
                    "SRR11140748_BA24-CONSTRAINT_constraint.bam",
                    "222f1737ddd62b40f7ee04eb69c202c1"
                ],
                [
                    "SRR11140748_MN908947-CONSTRAINT_constraint.bam",
                    "d0d1d65df3f68b8a0a1704bb0dc1337d"
                ]
            ]
        ],
        "meta": {
            "nf-test": "0.9.2",
            "nextflow": "25.04.6"
        },
        "timestamp": "2025-07-18T11:53:44.070957936"
    }
}